// Jest Snapshot v1, https://goo.gl/fbAQLP

exports[`fetch current weather by city name Las Vegas 1`] = `
Object {
  "base": "stations",
  "clouds": Object {
    "all": 20,
  },
  "cod": 200,
  "coord": Object {
    "lat": 36.17,
    "lon": -115.14,
  },
  "dt": 1509850560,
  "id": 5506956,
  "main": Object {
    "humidity": 32,
    "pressure": 1011,
    "temp": 292.8,
    "temp_max": 294.15,
    "temp_min": 291.15,
  },
  "name": "Las Vegas",
  "sys": Object {
    "country": "US",
    "id": 2061,
    "message": 0.1643,
    "sunrise": 1509890866,
    "sunset": 1509928804,
    "type": 1,
  },
  "visibility": 16093,
  "weather": Array [
    Object {
      "description": "few clouds",
      "icon": "02n",
      "id": 801,
      "main": "Clouds",
    },
  ],
  "wind": Object {
    "deg": 200,
    "gust": 7.7,
    "speed": 3.6,
  },
}
`;
