// Jest Snapshot v1, https://goo.gl/fbAQLP

exports[`<Footer /> to match snapshot 1`] = `
<footer
  className="border border-right-0 border-bottom-0 border-left-0 pt-3 pb-3"
>
  <div
    className="container-fluid"
  >
    <div
      className="row"
    >
      <div
        className="col-12"
      >
        <small
          className="float-right"
        >
          red-ribbon-army v2.0.0
        </small>
      </div>
    </div>
    <div
      className="row"
    >
      <div
        className="col-12"
      >
        <small
          className="float-right"
        >
          <a
            href="https://buttercms.com/"
            rel="noopener noreferrer"
            target="_blank"
          >
            powered by ButterCMS
          </a>
        </small>
      </div>
    </div>
    <div
      className="row"
    >
      <div
        className="col-12"
      >
        <small
          className="float-right"
        >
          <a
            href="https://newsapi.org/"
            rel="noopener noreferrer"
            target="_blank"
          >
            powered by News API
          </a>
        </small>
      </div>
    </div>
  </div>
</footer>
`;
