// Jest Snapshot v1, https://goo.gl/fbAQLP

exports[`graphql middleware query Articles 1`] = `
Object {
  "data": Object {
    "articles": Array [
      Object {
        "author": "Tyler Durden",
        "description": "In a move that will certainly not end well for investors, the New York Stock Exchange has asked the SEC to approve five ETFs including 2x leveraged and inverse flavors, linked to Bitcoin futures - which launched in December on the CME amd Cboe, according to a…",
        "publishedAt": "2018-01-07T15:49:42Z",
        "source": Object {
          "id": null,
          "name": "Zerohedge.com",
        },
        "title": "Buckle Up: NYSE Files For Leveraged, Inverse Bitcoin ETFs",
        "url": "https://www.zerohedge.com/news/2018-01-07/buckle-nyse-files-leveraged-inverse-bitcoin-etfs",
        "urlToImage": "https://www.zerohedge.com/sites/default/files/2018-01/bitcoin%20rich.jpg",
      },
      Object {
        "author": "Modern Survival",
        "description": "Special Notice - The current sale on MSB which is 30 dollars a year for life, which is a 40% discount off the normal price will end at 12 midnight, Central Standard Time, Monday the 8th. No exceptions.  Before you … <a href=\\"http://www.thesurvivalpodcast.com/…",
        "publishedAt": "2018-01-07T15:48:00Z",
        "source": Object {
          "id": null,
          "name": "Thesurvivalpodcast.com",
        },
        "title": "Last Chance to Get the MSB at 30 Bucks a Year for Life",
        "url": "http://www.thesurvivalpodcast.com/msb-at-30-bucks-2018",
        "urlToImage": "http://www.thesurvivalpodcast.com/wp-content/uploads/2011/07/tspheader.jpg",
      },
      Object {
        "author": "JP Buntinx",
        "description": "Raising more awareness for cryptocurrency has not been easy. In fact, one could argue there need to be far more efforts in this regard. Over in Japan, things are being done very differently in this regard. A group known as the Virtual Currency Girls is trying…",
        "publishedAt": "2018-01-07T15:43:50Z",
        "source": Object {
          "id": null,
          "name": "Newsbtc.com",
        },
        "title": "Japan’s Virtual Currency Girls Educate the Masses on Cryptocurrency",
        "url": "https://www.newsbtc.com/2018/01/07/japans-virtual-currency-girls-educate-masses-cryptocurrency/",
        "urlToImage": "https://s3.amazonaws.com/main-newsbtc-images/2018/01/07154315/shutterstock_624002249.jpg",
      },
      Object {
        "author": "Eric Worrall",
        "description": "Guest essay by Eric Worrall According to Wired author Clive Thompson, everything is going terribly wrong these days for Silicon Valley. But they are living on the hope that in the future we might buy their software so we can use Bitcoin like blockchain system…",
        "publishedAt": "2018-01-07T15:30:25Z",
        "source": Object {
          "id": null,
          "name": "Wattsupwiththat.com",
        },
        "title": "Claim: Silicon Valley Retreating into a Renewable Energy Safe Space",
        "url": "https://wattsupwiththat.com/2018/01/07/claim-silicon-valley-retreating-into-a-renewable-energy-safe-space/",
        "urlToImage": "https://wattsupwiththat.files.wordpress.com/2014/08/solar-and-wind-energy.jpg?w=1200",
      },
      Object {
        "author": null,
        "description": "A JavaScript / Python / PHP cryptocurrency trading library with support for 90+ exchanges",
        "publishedAt": "2018-01-07T15:25:51Z",
        "source": Object {
          "id": null,
          "name": "Python.org",
        },
        "title": "ccxt 1.10.585",
        "url": "https://pypi.python.org/pypi/ccxt/1.10.585",
        "urlToImage": null,
      },
      Object {
        "author": "Joseph Young",
        "description": "The post Bitcoin Cash Surges to $3,800 in Korea amid Flurry of Mainstream Media Coverage of Roger Ver appeared first on CCN Within the South Korean cryptocurrency exchange market, the price of Bitcoin Cash has surpassed $3,800, due to a flurry of mainstream m…",
        "publishedAt": "2018-01-07T15:24:40Z",
        "source": Object {
          "id": "crypto-coins-news",
          "name": "Crypto Coins News",
        },
        "title": "Bitcoin Cash Surges to $3,800 in Korea amid Flurry of Mainstream Media Coverage of Roger Ver",
        "url": "https://www.ccn.com/bitcoin-cash-surges-3800-korea-amid-flurry-mainstream-media-coverage-roger-ver/",
        "urlToImage": "https://www.ccn.com/wp-content/uploads/2014/09/television-network.jpg",
      },
      Object {
        "author": "Christopher Morris",
        "description": "Bitcoin, Ethereum and Ripple are undoubtedly the three biggest cryptocurrencies on the block, yet their story is far from finished. Bitcoin has made an inordinate amount of headlines owing to its incredible escalation in value, but both Ethereum and Ripple [……",
        "publishedAt": "2018-01-07T15:10:07Z",
        "source": Object {
          "id": null,
          "name": "Valuewalk.com",
        },
        "title": "Bitcoin, Ethereum, Ripple (XRP): Price And Prediction",
        "url": "http://www.valuewalk.com/2018/01/bitcoin-ethereum-ripple-xrp-price-predictions-news/",
        "urlToImage": "http://www.valuewalk.com/wp-content/uploads/2017/12/bitcoin_cash_1513890118.jpg",
      },
      Object {
        "author": "SA Editor Yoel Minkoff",
        "description": "The SEC has received a request to allow five bitcoin-related ETFs to be listed on Arca, a secondary marketplace on the NYSE (NYSE:ICE).The instruments, created by Direxion Asset Management, are not ti",
        "publishedAt": "2018-01-07T15:09:06Z",
        "source": Object {
          "id": null,
          "name": "Seekingalpha.com",
        },
        "title": "New ways to bet on bitcoin?",
        "url": "https://seekingalpha.com/news/3321529-new-ways-bet-bitcoin",
        "urlToImage": "https://static.seekingalpha.com/assets/og_image_410-b8960ce31ec84f7f12dba11a09fc1849b69b234e0f5f39d7c62f46f8692e58a5.png",
      },
      Object {
        "author": null,
        "description": "A JavaScript / Python / PHP cryptocurrency trading library with support for 90+ exchanges",
        "publishedAt": "2018-01-07T15:01:43Z",
        "source": Object {
          "id": null,
          "name": "Python.org",
        },
        "title": "ccxt 1.10.583",
        "url": "https://pypi.python.org/pypi/ccxt/1.10.583",
        "urlToImage": null,
      },
      Object {
        "author": "CoinTelegraph By Joseph Young",
        "description": "Many of the leading cryptocurrency exchanges such as Coinbase (GDAX), Binance, Bittrex, Bitstamp and Kraken have struggled in dealing with the abrupt surge in demand for cryptocurrencies.",
        "publishedAt": "2018-01-07T14:52:51Z",
        "source": Object {
          "id": null,
          "name": "Cointelegraph.com",
        },
        "title": "Exponential Growth: Cryptocurrency Exchanges Are Adding 100,000+ Users Per Day",
        "url": "https://cointelegraph.com/news/exponential-growth-cryptocurrency-exchanges-are-adding-100000-users-per-day",
        "urlToImage": "https://cointelegraph.com/images/725_Ly9jb2ludGVsZWdyYXBoLmNvbS9zdG9yYWdlL3VwbG9hZHMvdmlldy85NTA2ZDI2ZGM2NGFlNzZjMTMxNmEyNmNjNDU3M2UyMy5qcGc=.jpg",
      },
      Object {
        "author": "CoinTelegraph By Arthur Iinuma",
        "description": "Bitcoin was created as a payment system, but fails to become one. Arthur Iinuma discusses the future of still the main cryptocurrency #EXPERT BLOG",
        "publishedAt": "2018-01-07T14:39:04Z",
        "source": Object {
          "id": null,
          "name": "Cointelegraph.com",
        },
        "title": "Bitcoin - A Long Way From an Everyday Currency: Expert Blog",
        "url": "https://cointelegraph.com/news/bitcoin-a-long-way-from-an-everyday-currency-expert-blog",
        "urlToImage": "https://cointelegraph.com/images/725_Ly9jb2ludGVsZWdyYXBoLmNvbS9zdG9yYWdlL3VwbG9hZHMvdmlldy8wYWE3YThmYzllYjQ1NDJiNjJhZWE5NTgxZWU1YjZmNi5qcGc=.jpg",
      },
      Object {
        "author": "Joshua M Brown",
        "description": "If a centimeter or inch on a measuring tape was constantly changing in physical size, it would not be particularly useful to ask for a 6 inch sub. It might end up being the size of an airplane....",
        "publishedAt": "2018-01-07T14:27:50Z",
        "source": Object {
          "id": null,
          "name": "Thereformedbroker.com",
        },
        "title": "The Fatal Mistake Crypto Investors are Making Now",
        "url": "http://thereformedbroker.com/2018/01/07/the-fatal-mistake-crypto-investors-are-making-now/",
        "urlToImage": "http://ep60qmdjq8-flywheel.netdna-ssl.com/wp-content/uploads/2017/08/thumbnail.jpg",
      },
      Object {
        "author": "Assaf Elovic",
        "description": "Everything you need to know from what coins to buy, to how to start investing today.",
        "publishedAt": "2018-01-07T14:26:58Z",
        "source": Object {
          "id": null,
          "name": "Hackernoon.com",
        },
        "title": "Why, what and how to invest in cryptocurrencies",
        "url": "https://hackernoon.com/cryptocurrencies-be4b3e326387",
        "urlToImage": "https://cdn-images-1.medium.com/max/1200/1*Y5iPV_rSSjYvhM9B3qgZcg.png",
      },
      Object {
        "author": null,
        "description": "The Internet on one page. Successor of Popurls, the mother of news aggregators. By @thomas",
        "publishedAt": "2018-01-07T14:15:09Z",
        "source": Object {
          "id": null,
          "name": "Hvper.com",
        },
        "title": "👉 Is Fake News Actually Not a Big Deal? via Hvper.com",
        "url": "http://www.hvper.com/?ref=feed_4a955038f31defce2aeae3da77cc972d",
        "urlToImage": "http://www.hvper.com/static/img/og_08.png",
      },
      Object {
        "author": null,
        "description": "The Internet on one page. Successor of Popurls, the mother of news aggregators. By @thomas",
        "publishedAt": "2018-01-07T14:15:09Z",
        "source": Object {
          "id": null,
          "name": "Hvper.com",
        },
        "title": "👉 Week 33: Trump Blistered by Bannons Inside Job via Hvper.com",
        "url": "http://www.hvper.com/?ref=feed_af75393c3e94a73a0e64e8b341253212",
        "urlToImage": "http://www.hvper.com/static/img/og_08.png",
      },
      Object {
        "author": null,
        "description": "The Internet on one page. Successor of Popurls, the mother of news aggregators. By @thomas",
        "publishedAt": "2018-01-07T14:15:09Z",
        "source": Object {
          "id": null,
          "name": "Hvper.com",
        },
        "title": "👉 Belize, home of the largest barrier reef in the western hemisphere, has permanently suspended oil operations in its ocean waters:...the... via Hvper.com",
        "url": "http://www.hvper.com/?ref=feed_d0f7d359ada4fe165260680de0cc354e",
        "urlToImage": "http://www.hvper.com/static/img/og_08.png",
      },
      Object {
        "author": null,
        "description": "The Internet on one page. Successor of Popurls, the mother of news aggregators. By @thomas",
        "publishedAt": "2018-01-07T14:15:09Z",
        "source": Object {
          "id": null,
          "name": "Hvper.com",
        },
        "title": "👉 We Learned How To Escape From A Burning Building And It Was Intense via Hvper.com",
        "url": "http://www.hvper.com/?ref=feed_329e4df93849b3cf194e9fa82ed0ab56",
        "urlToImage": "http://www.hvper.com/static/img/og_08.png",
      },
      Object {
        "author": "newsfeedback@fool.com (Sean Williams)",
        "description": "The IRS is ramping up its efforts to catch capital-gain tax evaders, and the new GOP tax law will make it easier.",
        "publishedAt": "2018-01-07T14:12:00Z",
        "source": Object {
          "id": null,
          "name": "Fool.com",
        },
        "title": "36% of Bitcoin Investors Plan to Commit Tax Fraud This Year",
        "url": "https://www.fool.com/taxes/2018/01/07/36-of-bitcoin-investors-plan-to-commit-tax-fraud-t.aspx",
        "urlToImage": "https://g.foolcdn.com/image/?url=https%3A%2F%2Fg.foolcdn.com%2Feditorial%2Fimages%2F468213%2Firs-tax-auditor-at-desk.jpg&h=630&w=1200&op=resize",
      },
      Object {
        "author": null,
        "description": "It wasn't just because of AI.",
        "publishedAt": "2018-01-07T14:08:00Z",
        "source": Object {
          "id": null,
          "name": "Yahoo.com",
        },
        "title": "3 Reasons I Just Bought This Top Artificial-Intelligence Stock",
        "url": "https://finance.yahoo.com/news/3-reasons-just-bought-top-140800663.html",
        "urlToImage": "https://s.yimg.com/uu/api/res/1.2/KK4SvjaCn1QrG6TaxZ8dWg--~B/aD00MzU7dz01ODA7c209MTthcHBpZD15dGFjaHlvbg--/http://media.zenfs.com/en-US/homerun/motleyfool.com/e198fdf93cec74855c2b192192248e91",
      },
      Object {
        "author": "newsfeedback@fool.com (Keith Speights)",
        "description": "It wasn't just because of AI.",
        "publishedAt": "2018-01-07T14:08:00Z",
        "source": Object {
          "id": null,
          "name": "Fool.com",
        },
        "title": "3 Reasons I Just Bought This Top Artificial-Intelligence Stock",
        "url": "https://www.fool.com/investing/2018/01/07/3-reasons-i-just-bought-this-top-artificial-intell.aspx",
        "urlToImage": "https://g.foolcdn.com/image/?url=https%3A%2F%2Fg.foolcdn.com%2Feditorial%2Fimages%2F468399%2Fai-icon-touched-by-businessman.jpg&h=630&w=1200&op=resize",
      },
    ],
  },
}
`;

exports[`graphql middleware query BuyPrice 1`] = `
Object {
  "data": Object {
    "buyPrice": Object {
      "amount": 16575.26,
      "base": "BTC",
      "code": "BTC",
      "color": "#FFB119",
      "currency": "USD",
      "name": "Bitcoin",
    },
  },
}
`;

exports[`graphql middleware query Currencies 1`] = `
Object {
  "data": Object {
    "currencies": Array [
      Object {
        "id": "AED",
        "name": "United Arab Emirates Dirham",
      },
      Object {
        "id": "AFN",
        "name": "Afghan Afghani",
      },
      Object {
        "id": "ALL",
        "name": "Albanian Lek",
      },
      Object {
        "id": "AMD",
        "name": "Armenian Dram",
      },
      Object {
        "id": "ANG",
        "name": "Netherlands Antillean Gulden",
      },
      Object {
        "id": "AOA",
        "name": "Angolan Kwanza",
      },
      Object {
        "id": "ARS",
        "name": "Argentine Peso",
      },
      Object {
        "id": "AUD",
        "name": "Australian Dollar",
      },
      Object {
        "id": "AWG",
        "name": "Aruban Florin",
      },
      Object {
        "id": "AZN",
        "name": "Azerbaijani Manat",
      },
      Object {
        "id": "BAM",
        "name": "Bosnia and Herzegovina Convertible Mark",
      },
      Object {
        "id": "BBD",
        "name": "Barbadian Dollar",
      },
      Object {
        "id": "BDT",
        "name": "Bangladeshi Taka",
      },
      Object {
        "id": "BGN",
        "name": "Bulgarian Lev",
      },
      Object {
        "id": "BHD",
        "name": "Bahraini Dinar",
      },
      Object {
        "id": "BIF",
        "name": "Burundian Franc",
      },
      Object {
        "id": "BMD",
        "name": "Bermudian Dollar",
      },
      Object {
        "id": "BND",
        "name": "Brunei Dollar",
      },
      Object {
        "id": "BOB",
        "name": "Bolivian Boliviano",
      },
      Object {
        "id": "BRL",
        "name": "Brazilian Real",
      },
      Object {
        "id": "BSD",
        "name": "Bahamian Dollar",
      },
      Object {
        "id": "BTC",
        "name": "Bitcoin",
      },
      Object {
        "id": "BTN",
        "name": "Bhutanese Ngultrum",
      },
      Object {
        "id": "BWP",
        "name": "Botswana Pula",
      },
      Object {
        "id": "BYN",
        "name": "Belarusian Ruble",
      },
      Object {
        "id": "BYR",
        "name": "Belarusian Ruble",
      },
      Object {
        "id": "BZD",
        "name": "Belize Dollar",
      },
      Object {
        "id": "CAD",
        "name": "Canadian Dollar",
      },
      Object {
        "id": "CDF",
        "name": "Congolese Franc",
      },
      Object {
        "id": "CHF",
        "name": "Swiss Franc",
      },
      Object {
        "id": "CLF",
        "name": "Unidad de Fomento",
      },
      Object {
        "id": "CLP",
        "name": "Chilean Peso",
      },
      Object {
        "id": "CNY",
        "name": "Chinese Renminbi Yuan",
      },
      Object {
        "id": "COP",
        "name": "Colombian Peso",
      },
      Object {
        "id": "CRC",
        "name": "Costa Rican Colón",
      },
      Object {
        "id": "CUC",
        "name": "Cuban Convertible Peso",
      },
      Object {
        "id": "CVE",
        "name": "Cape Verdean Escudo",
      },
      Object {
        "id": "CZK",
        "name": "Czech Koruna",
      },
      Object {
        "id": "DJF",
        "name": "Djiboutian Franc",
      },
      Object {
        "id": "DKK",
        "name": "Danish Krone",
      },
      Object {
        "id": "DOP",
        "name": "Dominican Peso",
      },
      Object {
        "id": "DZD",
        "name": "Algerian Dinar",
      },
      Object {
        "id": "EEK",
        "name": "Estonian Kroon",
      },
      Object {
        "id": "EGP",
        "name": "Egyptian Pound",
      },
      Object {
        "id": "ERN",
        "name": "Eritrean Nakfa",
      },
      Object {
        "id": "ETB",
        "name": "Ethiopian Birr",
      },
      Object {
        "id": "EUR",
        "name": "Euro",
      },
      Object {
        "id": "FJD",
        "name": "Fijian Dollar",
      },
      Object {
        "id": "FKP",
        "name": "Falkland Pound",
      },
      Object {
        "id": "GBP",
        "name": "British Pound",
      },
      Object {
        "id": "GEL",
        "name": "Georgian Lari",
      },
      Object {
        "id": "GGP",
        "name": "Guernsey Pound",
      },
      Object {
        "id": "GHS",
        "name": "Ghanaian Cedi",
      },
      Object {
        "id": "GIP",
        "name": "Gibraltar Pound",
      },
      Object {
        "id": "GMD",
        "name": "Gambian Dalasi",
      },
      Object {
        "id": "GNF",
        "name": "Guinean Franc",
      },
      Object {
        "id": "GTQ",
        "name": "Guatemalan Quetzal",
      },
      Object {
        "id": "GYD",
        "name": "Guyanese Dollar",
      },
      Object {
        "id": "HKD",
        "name": "Hong Kong Dollar",
      },
      Object {
        "id": "HNL",
        "name": "Honduran Lempira",
      },
      Object {
        "id": "HRK",
        "name": "Croatian Kuna",
      },
      Object {
        "id": "HTG",
        "name": "Haitian Gourde",
      },
      Object {
        "id": "HUF",
        "name": "Hungarian Forint",
      },
      Object {
        "id": "IDR",
        "name": "Indonesian Rupiah",
      },
      Object {
        "id": "ILS",
        "name": "Israeli New Sheqel",
      },
      Object {
        "id": "IMP",
        "name": "Isle of Man Pound",
      },
      Object {
        "id": "INR",
        "name": "Indian Rupee",
      },
      Object {
        "id": "IQD",
        "name": "Iraqi Dinar",
      },
      Object {
        "id": "ISK",
        "name": "Icelandic Króna",
      },
      Object {
        "id": "JEP",
        "name": "Jersey Pound",
      },
      Object {
        "id": "JMD",
        "name": "Jamaican Dollar",
      },
      Object {
        "id": "JOD",
        "name": "Jordanian Dinar",
      },
      Object {
        "id": "JPY",
        "name": "Japanese Yen",
      },
      Object {
        "id": "KES",
        "name": "Kenyan Shilling",
      },
      Object {
        "id": "KGS",
        "name": "Kyrgyzstani Som",
      },
      Object {
        "id": "KHR",
        "name": "Cambodian Riel",
      },
      Object {
        "id": "KMF",
        "name": "Comorian Franc",
      },
      Object {
        "id": "KRW",
        "name": "South Korean Won",
      },
      Object {
        "id": "KWD",
        "name": "Kuwaiti Dinar",
      },
      Object {
        "id": "KYD",
        "name": "Cayman Islands Dollar",
      },
      Object {
        "id": "KZT",
        "name": "Kazakhstani Tenge",
      },
      Object {
        "id": "LAK",
        "name": "Lao Kip",
      },
      Object {
        "id": "LBP",
        "name": "Lebanese Pound",
      },
      Object {
        "id": "LKR",
        "name": "Sri Lankan Rupee",
      },
      Object {
        "id": "LRD",
        "name": "Liberian Dollar",
      },
      Object {
        "id": "LSL",
        "name": "Lesotho Loti",
      },
      Object {
        "id": "LTL",
        "name": "Lithuanian Litas",
      },
      Object {
        "id": "LVL",
        "name": "Latvian Lats",
      },
      Object {
        "id": "LYD",
        "name": "Libyan Dinar",
      },
      Object {
        "id": "MAD",
        "name": "Moroccan Dirham",
      },
      Object {
        "id": "MDL",
        "name": "Moldovan Leu",
      },
      Object {
        "id": "MGA",
        "name": "Malagasy Ariary",
      },
      Object {
        "id": "MKD",
        "name": "Macedonian Denar",
      },
      Object {
        "id": "MMK",
        "name": "Myanmar Kyat",
      },
      Object {
        "id": "MNT",
        "name": "Mongolian Tögrög",
      },
      Object {
        "id": "MOP",
        "name": "Macanese Pataca",
      },
      Object {
        "id": "MRO",
        "name": "Mauritanian Ouguiya",
      },
      Object {
        "id": "MTL",
        "name": "Maltese Lira",
      },
      Object {
        "id": "MUR",
        "name": "Mauritian Rupee",
      },
      Object {
        "id": "MVR",
        "name": "Maldivian Rufiyaa",
      },
      Object {
        "id": "MWK",
        "name": "Malawian Kwacha",
      },
      Object {
        "id": "MXN",
        "name": "Mexican Peso",
      },
      Object {
        "id": "MYR",
        "name": "Malaysian Ringgit",
      },
      Object {
        "id": "MZN",
        "name": "Mozambican Metical",
      },
      Object {
        "id": "NAD",
        "name": "Namibian Dollar",
      },
      Object {
        "id": "NGN",
        "name": "Nigerian Naira",
      },
      Object {
        "id": "NIO",
        "name": "Nicaraguan Córdoba",
      },
      Object {
        "id": "NOK",
        "name": "Norwegian Krone",
      },
      Object {
        "id": "NPR",
        "name": "Nepalese Rupee",
      },
      Object {
        "id": "NZD",
        "name": "New Zealand Dollar",
      },
      Object {
        "id": "OMR",
        "name": "Omani Rial",
      },
      Object {
        "id": "PAB",
        "name": "Panamanian Balboa",
      },
      Object {
        "id": "PEN",
        "name": "Peruvian Sol",
      },
      Object {
        "id": "PGK",
        "name": "Papua New Guinean Kina",
      },
      Object {
        "id": "PHP",
        "name": "Philippine Peso",
      },
      Object {
        "id": "PKR",
        "name": "Pakistani Rupee",
      },
      Object {
        "id": "PLN",
        "name": "Polish Złoty",
      },
      Object {
        "id": "PYG",
        "name": "Paraguayan Guaraní",
      },
      Object {
        "id": "QAR",
        "name": "Qatari Riyal",
      },
      Object {
        "id": "RON",
        "name": "Romanian Leu",
      },
      Object {
        "id": "RSD",
        "name": "Serbian Dinar",
      },
      Object {
        "id": "RUB",
        "name": "Russian Ruble",
      },
      Object {
        "id": "RWF",
        "name": "Rwandan Franc",
      },
      Object {
        "id": "SAR",
        "name": "Saudi Riyal",
      },
      Object {
        "id": "SBD",
        "name": "Solomon Islands Dollar",
      },
      Object {
        "id": "SCR",
        "name": "Seychellois Rupee",
      },
      Object {
        "id": "SEK",
        "name": "Swedish Krona",
      },
      Object {
        "id": "SGD",
        "name": "Singapore Dollar",
      },
      Object {
        "id": "SHP",
        "name": "Saint Helenian Pound",
      },
      Object {
        "id": "SLL",
        "name": "Sierra Leonean Leone",
      },
      Object {
        "id": "SOS",
        "name": "Somali Shilling",
      },
      Object {
        "id": "SRD",
        "name": "Surinamese Dollar",
      },
      Object {
        "id": "SSP",
        "name": "South Sudanese Pound",
      },
      Object {
        "id": "STD",
        "name": "São Tomé and Príncipe Dobra",
      },
      Object {
        "id": "SVC",
        "name": "Salvadoran Colón",
      },
      Object {
        "id": "SZL",
        "name": "Swazi Lilangeni",
      },
      Object {
        "id": "THB",
        "name": "Thai Baht",
      },
      Object {
        "id": "TJS",
        "name": "Tajikistani Somoni",
      },
      Object {
        "id": "TMT",
        "name": "Turkmenistani Manat",
      },
      Object {
        "id": "TND",
        "name": "Tunisian Dinar",
      },
      Object {
        "id": "TOP",
        "name": "Tongan Paʻanga",
      },
      Object {
        "id": "TRY",
        "name": "Turkish Lira",
      },
      Object {
        "id": "TTD",
        "name": "Trinidad and Tobago Dollar",
      },
      Object {
        "id": "TWD",
        "name": "New Taiwan Dollar",
      },
      Object {
        "id": "TZS",
        "name": "Tanzanian Shilling",
      },
      Object {
        "id": "UAH",
        "name": "Ukrainian Hryvnia",
      },
      Object {
        "id": "UGX",
        "name": "Ugandan Shilling",
      },
      Object {
        "id": "USD",
        "name": "United States Dollar",
      },
      Object {
        "id": "UYU",
        "name": "Uruguayan Peso",
      },
      Object {
        "id": "UZS",
        "name": "Uzbekistan Som",
      },
      Object {
        "id": "VEF",
        "name": "Venezuelan Bolívar",
      },
      Object {
        "id": "VND",
        "name": "Vietnamese Đồng",
      },
      Object {
        "id": "VUV",
        "name": "Vanuatu Vatu",
      },
      Object {
        "id": "WST",
        "name": "Samoan Tala",
      },
      Object {
        "id": "XAF",
        "name": "Central African Cfa Franc",
      },
      Object {
        "id": "XAG",
        "name": "Silver (Troy Ounce)",
      },
      Object {
        "id": "XAU",
        "name": "Gold (Troy Ounce)",
      },
      Object {
        "id": "XCD",
        "name": "East Caribbean Dollar",
      },
      Object {
        "id": "XDR",
        "name": "Special Drawing Rights",
      },
      Object {
        "id": "XOF",
        "name": "West African Cfa Franc",
      },
      Object {
        "id": "XPD",
        "name": "Palladium",
      },
      Object {
        "id": "XPF",
        "name": "Cfp Franc",
      },
      Object {
        "id": "XPT",
        "name": "Platinum",
      },
      Object {
        "id": "YER",
        "name": "Yemeni Rial",
      },
      Object {
        "id": "ZAR",
        "name": "South African Rand",
      },
      Object {
        "id": "ZMK",
        "name": "Zambian Kwacha",
      },
      Object {
        "id": "ZMW",
        "name": "Zambian Kwacha",
      },
      Object {
        "id": "ZWL",
        "name": "Zimbabwean Dollar",
      },
    ],
  },
}
`;

exports[`graphql middleware query ExchangeRates 1`] = `
Object {
  "data": Object {
    "exchangeRates": Object {
      "currency": "USD",
      "rates": Array [
        Object {
          "currency": "AED",
          "value": 3.67,
        },
        Object {
          "currency": "AFN",
          "value": 69.93,
        },
        Object {
          "currency": "ALL",
          "value": 110.72,
        },
        Object {
          "currency": "AMD",
          "value": 484.98,
        },
        Object {
          "currency": "ANG",
          "value": 1.79,
        },
        Object {
          "currency": "AOA",
          "value": 165.92,
        },
        Object {
          "currency": "ARS",
          "value": 18.65,
        },
        Object {
          "currency": "AUD",
          "value": 1.27,
        },
        Object {
          "currency": "AWG",
          "value": 1.79,
        },
        Object {
          "currency": "AZN",
          "value": 1.69,
        },
        Object {
          "currency": "BAM",
          "value": 1.63,
        },
        Object {
          "currency": "BBD",
          "value": 2,
        },
        Object {
          "currency": "BCH",
          "value": 0.00038546,
        },
        Object {
          "currency": "BDT",
          "value": 82.95,
        },
        Object {
          "currency": "BGN",
          "value": 1.62,
        },
        Object {
          "currency": "BHD",
          "value": 0.377,
        },
        Object {
          "currency": "BIF",
          "value": 1761,
        },
        Object {
          "currency": "BMD",
          "value": 1,
        },
        Object {
          "currency": "BND",
          "value": 1.33,
        },
        Object {
          "currency": "BOB",
          "value": 6.92,
        },
        Object {
          "currency": "BRL",
          "value": 3.23,
        },
        Object {
          "currency": "BSD",
          "value": 1,
        },
        Object {
          "currency": "BTC",
          "value": 0.000061,
        },
        Object {
          "currency": "BTN",
          "value": 63.48,
        },
        Object {
          "currency": "BWP",
          "value": 9.86,
        },
        Object {
          "currency": "BYN",
          "value": 1.99,
        },
        Object {
          "currency": "BYR",
          "value": 19922,
        },
        Object {
          "currency": "BZD",
          "value": 2.01,
        },
        Object {
          "currency": "CAD",
          "value": 1.24,
        },
        Object {
          "currency": "CDF",
          "value": 1596,
        },
        Object {
          "currency": "CHF",
          "value": 0.98,
        },
        Object {
          "currency": "CLF",
          "value": 0.0228,
        },
        Object {
          "currency": "CLP",
          "value": 605,
        },
        Object {
          "currency": "CNY",
          "value": 6.5,
        },
        Object {
          "currency": "COP",
          "value": 3016.02,
        },
        Object {
          "currency": "CRC",
          "value": 567.86,
        },
        Object {
          "currency": "CUC",
          "value": 1,
        },
        Object {
          "currency": "CVE",
          "value": 92,
        },
        Object {
          "currency": "CZK",
          "value": 21.23,
        },
        Object {
          "currency": "DJF",
          "value": 179,
        },
        Object {
          "currency": "DKK",
          "value": 6.19,
        },
        Object {
          "currency": "DOP",
          "value": 48.55,
        },
        Object {
          "currency": "DZD",
          "value": 114.64,
        },
        Object {
          "currency": "EEK",
          "value": 14.61,
        },
        Object {
          "currency": "EGP",
          "value": 17.71,
        },
        Object {
          "currency": "ERN",
          "value": 15.26,
        },
        Object {
          "currency": "ETB",
          "value": 27.46,
        },
        Object {
          "currency": "ETH",
          "value": 0.00091366,
        },
        Object {
          "currency": "EUR",
          "value": 0.83,
        },
        Object {
          "currency": "FJD",
          "value": 2.06,
        },
        Object {
          "currency": "FKP",
          "value": 0.74,
        },
        Object {
          "currency": "GBP",
          "value": 0.74,
        },
        Object {
          "currency": "GEL",
          "value": 2.58,
        },
        Object {
          "currency": "GGP",
          "value": 0.74,
        },
        Object {
          "currency": "GHS",
          "value": 4.56,
        },
        Object {
          "currency": "GIP",
          "value": 0.74,
        },
        Object {
          "currency": "GMD",
          "value": 47.6,
        },
        Object {
          "currency": "GNF",
          "value": 9042,
        },
        Object {
          "currency": "GTQ",
          "value": 7.37,
        },
        Object {
          "currency": "GYD",
          "value": 206.95,
        },
        Object {
          "currency": "HKD",
          "value": 7.82,
        },
        Object {
          "currency": "HNL",
          "value": 23.7,
        },
        Object {
          "currency": "HRK",
          "value": 6.17,
        },
        Object {
          "currency": "HTG",
          "value": 65.56,
        },
        Object {
          "currency": "HUF",
          "value": 256,
        },
        Object {
          "currency": "IDR",
          "value": 13440.2,
        },
        Object {
          "currency": "ILS",
          "value": 3.43,
        },
        Object {
          "currency": "IMP",
          "value": 0.74,
        },
        Object {
          "currency": "INR",
          "value": 63.31,
        },
        Object {
          "currency": "IQD",
          "value": 1183.5,
        },
        Object {
          "currency": "ISK",
          "value": 104,
        },
        Object {
          "currency": "JEP",
          "value": 0.74,
        },
        Object {
          "currency": "JMD",
          "value": 124.24,
        },
        Object {
          "currency": "JOD",
          "value": 0.71,
        },
        Object {
          "currency": "JPY",
          "value": 113,
        },
        Object {
          "currency": "KES",
          "value": 103.29,
        },
        Object {
          "currency": "KGS",
          "value": 69.05,
        },
        Object {
          "currency": "KHR",
          "value": 4035,
        },
        Object {
          "currency": "KMF",
          "value": 407,
        },
        Object {
          "currency": "KRW",
          "value": 1062,
        },
        Object {
          "currency": "KWD",
          "value": 0.301,
        },
        Object {
          "currency": "KYD",
          "value": 0.83,
        },
        Object {
          "currency": "KZT",
          "value": 330.55,
        },
        Object {
          "currency": "LAK",
          "value": 8310,
        },
        Object {
          "currency": "LBP",
          "value": 1517.15,
        },
        Object {
          "currency": "LKR",
          "value": 153.76,
        },
        Object {
          "currency": "LRD",
          "value": 125.5,
        },
        Object {
          "currency": "LSL",
          "value": 12.4,
        },
        Object {
          "currency": "LTC",
          "value": 0.00357942,
        },
        Object {
          "currency": "LTL",
          "value": 3.22,
        },
        Object {
          "currency": "LVL",
          "value": 0.66,
        },
        Object {
          "currency": "LYD",
          "value": 1.356,
        },
        Object {
          "currency": "MAD",
          "value": 9.33,
        },
        Object {
          "currency": "MDL",
          "value": 17.14,
        },
        Object {
          "currency": "MGA",
          "value": 3251.1,
        },
        Object {
          "currency": "MKD",
          "value": 51.14,
        },
        Object {
          "currency": "MMK",
          "value": 1355.6,
        },
        Object {
          "currency": "MNT",
          "value": 2425.23,
        },
        Object {
          "currency": "MOP",
          "value": 8.07,
        },
        Object {
          "currency": "MRO",
          "value": 354.3,
        },
        Object {
          "currency": "MTL",
          "value": 0.68,
        },
        Object {
          "currency": "MUR",
          "value": 33.43,
        },
        Object {
          "currency": "MVR",
          "value": 15.4,
        },
        Object {
          "currency": "MWK",
          "value": 724.9,
        },
        Object {
          "currency": "MXN",
          "value": 19.17,
        },
        Object {
          "currency": "MYR",
          "value": 4,
        },
        Object {
          "currency": "MZN",
          "value": 59,
        },
        Object {
          "currency": "NAD",
          "value": 12.4,
        },
        Object {
          "currency": "NGN",
          "value": 361.18,
        },
        Object {
          "currency": "NIO",
          "value": 30.87,
        },
        Object {
          "currency": "NOK",
          "value": 8.05,
        },
        Object {
          "currency": "NPR",
          "value": 101.58,
        },
        Object {
          "currency": "NZD",
          "value": 1.39,
        },
        Object {
          "currency": "OMR",
          "value": 0.385,
        },
        Object {
          "currency": "PAB",
          "value": 1,
        },
        Object {
          "currency": "PEN",
          "value": 3.22,
        },
        Object {
          "currency": "PGK",
          "value": 3.24,
        },
        Object {
          "currency": "PHP",
          "value": 49.81,
        },
        Object {
          "currency": "PKR",
          "value": 110.95,
        },
        Object {
          "currency": "PLN",
          "value": 3.45,
        },
        Object {
          "currency": "PYG",
          "value": 5642,
        },
        Object {
          "currency": "QAR",
          "value": 3.64,
        },
        Object {
          "currency": "RON",
          "value": 3.85,
        },
        Object {
          "currency": "RSD",
          "value": 98.59,
        },
        Object {
          "currency": "RUB",
          "value": 56.95,
        },
        Object {
          "currency": "RWF",
          "value": 846,
        },
        Object {
          "currency": "SAR",
          "value": 3.75,
        },
        Object {
          "currency": "SBD",
          "value": 7.77,
        },
        Object {
          "currency": "SCR",
          "value": 14.06,
        },
        Object {
          "currency": "SEK",
          "value": 8.16,
        },
        Object {
          "currency": "SGD",
          "value": 1.33,
        },
        Object {
          "currency": "SHP",
          "value": 0.74,
        },
        Object {
          "currency": "SLL",
          "value": 7663.97,
        },
        Object {
          "currency": "SOS",
          "value": 588,
        },
        Object {
          "currency": "SRD",
          "value": 7.46,
        },
        Object {
          "currency": "SSP",
          "value": 130.26,
        },
        Object {
          "currency": "STD",
          "value": 20369.68,
        },
        Object {
          "currency": "SVC",
          "value": 8.77,
        },
        Object {
          "currency": "SZL",
          "value": 12.4,
        },
        Object {
          "currency": "THB",
          "value": 32.17,
        },
        Object {
          "currency": "TJS",
          "value": 8.84,
        },
        Object {
          "currency": "TMT",
          "value": 3.5,
        },
        Object {
          "currency": "TND",
          "value": 2.488,
        },
        Object {
          "currency": "TOP",
          "value": 2.26,
        },
        Object {
          "currency": "TRY",
          "value": 3.74,
        },
        Object {
          "currency": "TTD",
          "value": 6.74,
        },
        Object {
          "currency": "TWD",
          "value": 29.48,
        },
        Object {
          "currency": "TZS",
          "value": 2244.2,
        },
        Object {
          "currency": "UAH",
          "value": 28.23,
        },
        Object {
          "currency": "UGX",
          "value": 3666,
        },
        Object {
          "currency": "USD",
          "value": 1,
        },
        Object {
          "currency": "UYU",
          "value": 28.65,
        },
        Object {
          "currency": "UZS",
          "value": 8151.9,
        },
        Object {
          "currency": "VEF",
          "value": 9.99,
        },
        Object {
          "currency": "VND",
          "value": 22702,
        },
        Object {
          "currency": "VUV",
          "value": 106,
        },
        Object {
          "currency": "WST",
          "value": 2.53,
        },
        Object {
          "currency": "XAF",
          "value": 545,
        },
        Object {
          "currency": "XAG",
          "value": 0,
        },
        Object {
          "currency": "XAU",
          "value": 0,
        },
        Object {
          "currency": "XCD",
          "value": 2.7,
        },
        Object {
          "currency": "XDR",
          "value": 1,
        },
        Object {
          "currency": "XOF",
          "value": 545,
        },
        Object {
          "currency": "XPD",
          "value": 0,
        },
        Object {
          "currency": "XPF",
          "value": 99,
        },
        Object {
          "currency": "XPT",
          "value": 0,
        },
        Object {
          "currency": "YER",
          "value": 250.32,
        },
        Object {
          "currency": "ZAR",
          "value": 12.32,
        },
        Object {
          "currency": "ZMK",
          "value": 5253.08,
        },
        Object {
          "currency": "ZMW",
          "value": 10.15,
        },
        Object {
          "currency": "ZWL",
          "value": 322.36,
        },
      ],
    },
  },
}
`;

exports[`graphql middleware query Name 1`] = `
Object {
  "data": Object {
    "name": "blue-sky-action",
  },
}
`;

exports[`graphql middleware query SpotPrices 1`] = `
Object {
  "data": Object {
    "spotPrices": Array [
      Object {
        "amount": 16418.51,
        "base": "BTC",
        "code": "BTC",
        "color": "#FFB119",
        "currency": "USD",
        "name": "Bitcoin",
      },
      Object {
        "amount": 2576.01,
        "base": "BCH",
        "code": "BCH",
        "color": "#8DC451",
        "currency": "USD",
        "name": "Bitcoin Cash",
      },
      Object {
        "amount": 1098,
        "base": "ETH",
        "code": "ETH",
        "color": "#6F7CBA",
        "currency": "USD",
        "name": "Ethereum",
      },
      Object {
        "amount": 279.51,
        "base": "LTC",
        "code": "LTC",
        "color": "#B5B5B5",
        "currency": "USD",
        "name": "Litecoin",
      },
    ],
  },
}
`;

exports[`graphql middleware query TopHeadlines 1`] = `
Object {
  "data": Object {
    "topHeadlines": Array [
      Object {
        "author": "Eli Watkins, CNN",
        "description": "A top White House aide on Sunday kept up the drumbeat against former White House chief strategist Steve Bannon, calling his comments in a new book on President Donald Trump \\"grotesque.\\"",
        "publishedAt": "2018-01-07T14:54:26Z",
        "source": Object {
          "id": "cnn",
          "name": "CNN",
        },
        "title": "WH aide: Bannon's comments 'grotesque'",
        "url": "http://us.cnn.com/2018/01/07/politics/stephen-miller-donald-trump-cnntv/index.html",
        "urlToImage": "http://cdn.cnn.com/cnnnext/dam/assets/171109160533-02-stephen-miller-file-super-tease.jpg",
      },
      Object {
        "author": "Barbara Starr, CNN Pentagon Correspondent",
        "description": "The Pentagon is putting the finishing touches on the first comprehensive review of US nuclear forces in nearly eight years. It's shaping up as President Donald Trump's signature nuclear weapons initiative in the face of a growing North Korean nuclear threat.",
        "publishedAt": "2018-01-07T14:02:39Z",
        "source": Object {
          "id": "cnn",
          "name": "CNN",
        },
        "title": "Trump to put his mark on US nuclear arsenal",
        "url": "http://us.cnn.com/2018/01/07/politics/weapons-nuclear-posture-review-us-military-trump/index.html",
        "urlToImage": "http://cdn.cnn.com/cnnnext/dam/assets/170522180956-north-korea-4-missiles-launched-super-tease.jpg",
      },
      Object {
        "author": "Jake Tapper and Jeremy Diamond, CNN",
        "description": "Steve Bannon was only minutes away from attacking \\"Fire and Fury\\" author Michael Wolff over quotes attributed to the former White House chief strategist, but he decided not to do so after President Donald Trump attacked him after the release of excerpts from the book, according to a source familiar with the situation.",
        "publishedAt": "2018-01-07T00:28:47Z",
        "source": Object {
          "id": "cnn",
          "name": "CNN",
        },
        "title": "Source: Bannon was going to defend Trump until Trump attacked him",
        "url": "http://us.cnn.com/2018/01/06/politics/steve-bannon-donald-trump-michael-wolff-white-house/index.html",
        "urlToImage": "http://cdn.cnn.com/cnnnext/dam/assets/180103173847-02-bannon-trump-super-tease.jpg",
      },
      Object {
        "author": "Kevin Liptak, CNN White House Producer",
        "description": "President Donald Trump, coming off a week of heightened scrutiny over his mental health, sought to put the topic to rest on Saturday by declaring himself extraordinarily intelligent and undeniably right in the head.",
        "publishedAt": "2018-01-06T20:20:16Z",
        "source": Object {
          "id": "cnn",
          "name": "CNN",
        },
        "title": "Trump defends his sanity",
        "url": "http://us.cnn.com/2018/01/06/politics/president-donald-trump-stable-genius-smart/index.html",
        "urlToImage": "http://cdn.cnn.com/cnnnext/dam/assets/180106130634-04-trump-camp-david-republican-retreat-super-tease.jpg",
      },
      Object {
        "author": "Analysis by Chris Cillizza, CNN Editor-at-large",
        "description": "On Saturday morning, before most people were awake, President Donald Trump was tweeting about how very, incredibly, stupendously smart he is.",
        "publishedAt": "2018-01-06T16:01:12Z",
        "source": Object {
          "id": "cnn",
          "name": "CNN",
        },
        "title": "Trump's 'very stable genius' tweet shows he isn't",
        "url": "http://us.cnn.com/2018/01/06/politics/trump-genius-tweet-analysis/index.html",
        "urlToImage": "http://cdn.cnn.com/cnnnext/dam/assets/180105145505-01-trump-1221-super-tease.jpg",
      },
      Object {
        "author": null,
        "description": "White House adviser Stephen Miller got into a heated exchange with CNN's Jake Tapper as Tapper asks Miller a question about former chief White House strategist Steve Bannon's role in the Trump campaign.",
        "publishedAt": null,
        "source": Object {
          "id": "cnn",
          "name": "CNN",
        },
        "title": "Tapper to Trump adviser: Settle down - CNN Video",
        "url": "http://us.cnn.com/videos/politics/2018/01/07/tapper-stephen-miller-settle-down-sotu-sto.cnn",
        "urlToImage": "http://cdn.cnn.com/cnnnext/dam/assets/180107092635-tapper-stephen-miller-sotu-super-tease.jpg",
      },
      Object {
        "author": null,
        "description": "When CNN's Jake Tapper asks White House senior policy adviser Stephen Miller about President Trump's tweets on his mental fitness for office, Miller criticizes the network's coverage of the president.",
        "publishedAt": null,
        "source": Object {
          "id": "cnn",
          "name": "CNN",
        },
        "title": "Tapper to Miller: Only one viewer you care about - CNN Video",
        "url": "http://us.cnn.com/videos/politics/2018/01/07/tapper-to-stephen-miller-one-viewer-you-care-about-sotu.cnn",
        "urlToImage": "http://cdn.cnn.com/cnnnext/dam/assets/180107093554-stephen-miller-2-sotu-1-7-2018-super-tease.jpg",
      },
      Object {
        "author": null,
        "description": "In a heated interview, White House adviser Stephen Miller talks with CNN's Jake Tapper about Michael Wolff's book \\"Fire and Fury\\" and its revelations about life inside the Trump campaign and White House.",
        "publishedAt": null,
        "source": Object {
          "id": "cnn",
          "name": "CNN",
        },
        "title": "Tapper cuts off interview with Trump adviser - CNN Video",
        "url": "http://us.cnn.com/videos/politics/2018/01/07/white-house-adviser-stephen-miller-full-interview-sotu.cnn",
        "urlToImage": "http://cdn.cnn.com/cnnnext/dam/assets/180107082230-stephen-miller-sotu-january-7-super-tease.jpg",
      },
      Object {
        "author": null,
        "description": "Sam Nunberg, a former Trump campaign aide, confirms that he did call President Trump a fool but says the full context of his quotations were not put into Michael Wolff's new book.",
        "publishedAt": null,
        "source": Object {
          "id": "cnn",
          "name": "CNN",
        },
        "title": "Ex-Trump aide: I called Trump a fool - CNN Video",
        "url": "http://us.cnn.com/videos/politics/2018/01/07/sam-nunberg-trump-fool-fire-and-fury-book-nr.cnn",
        "urlToImage": "http://cdn.cnn.com/cnnnext/dam/assets/180107072738-sam-nunberg-trump-fool-fire-and-fury-book-nr-00000000-super-tease.jpg",
      },
      Object {
        "author": null,
        "description": "President Trump, after meeting with GOP leaders at Camp David, explains his tweets in which he described himself as \\"a very stable genius.\\"",
        "publishedAt": null,
        "source": Object {
          "id": "cnn",
          "name": "CNN",
        },
        "title": "Trump explains tweets on his mental state - CNN Video",
        "url": "http://us.cnn.com/videos/politics/2018/01/06/trump-responds-to-tweets-on-mental-state-camp-david-sot-nr.cnn",
        "urlToImage": "http://cdn.cnn.com/cnnnext/dam/assets/180106120657-president-trump-gop-presser-camp-david-12-7-2017-super-tease.jpg",
      },
    ],
  },
}
`;
