// Jest Snapshot v1, https://goo.gl/fbAQLP

exports[`graphql middleware query Articles 1`] = `
Object {
  "data": Object {
    "articles": Array [
      Object {
        "author": "Jeremy Herron and Kailey Leinz",
        "description": "The S&P 500 Index capped a weekly gain that took its gain this year past 4 percent.",
        "publishedAt": "2018-01-14T10:00:00Z",
        "source": Object {
          "id": null,
          "name": "Bostonglobe.com",
        },
        "title": "Stocks rise amid bank earnings as dollar tumbles",
        "url": "https://www.bostonglobe.com/business/markets/2018/01/14/stocks-rise-amid-bank-earnings-dollar-tumbles/OZKscCkXq5rmzcXGpuJTjP/story.html",
        "urlToImage": "//c.o0bg.com/rw/SysConfig/WebPortal/BostonGlobe/Framework/images/logo-bg.jpg",
      },
      Object {
        "author": null,
        "description": "People are going head over, well, tails, for the lucky charms.",
        "publishedAt": "2018-01-14T05:08:08Z",
        "source": Object {
          "id": null,
          "name": "Vnexpress.net",
        },
        "title": "Coining it in: Bitcoin vs lucky money for Lunar New Year in Vietnam",
        "url": "https://e.vnexpress.net/news/business/coining-it-in-bitcoin-vs-lucky-money-for-lunar-new-year-in-vietnam-3695749.html",
        "urlToImage": "https://vcdn-english.vnecdn.net/2018/01/08/252896301643140009081572678733-7640-9514-1515396116_680x0.jpg",
      },
      Object {
        "author": "Scott Scanlon",
        "description": "Bitcoin is one of the most important inventions in all of human history. For the first time ever, anyone can send or receive any amount of money with anyone else, anywhere on the planet, conveniently and without restriction. It’s the dawn of a better, more fr…",
        "publishedAt": "2018-01-14T05:03:22Z",
        "source": Object {
          "id": null,
          "name": "Youbrandinc.com",
        },
        "title": "Brazil Regulator Prohibits Funds from Investing in Cryptocurrencies",
        "url": "https://www.youbrandinc.com/crytocurrency/brazil-regulator-prohibits-funds-from-investing-in-cryptocurrencies/",
        "urlToImage": "https://www.youbrandinc.com/wp-content/uploads/2018/01/brazil-banner-1024x1024.png",
      },
      Object {
        "author": "http://www.dailymail.co.uk/home/search.html?s=&authornamef=Reuters, By Reuters",
        "description": "Following is a summary of current entertainment news briefs.Ed Sheeran and Dua Lipa dominate Brit Award nominationsEd Sheeran, Dua Lipa, Liam Payne and...",
        "publishedAt": "2018-01-14T05:01:06Z",
        "source": Object {
          "id": "daily-mail",
          "name": "Daily Mail",
        },
        "title": "Reuters Entertainment News Summary",
        "url": "http://www.dailymail.co.uk/wires/reuters/article-5267233/Reuters-Entertainment-News-Summary.html",
        "urlToImage": "http://i.dailymail.co.uk/i/pix/m_logo_636x382px.png",
      },
      Object {
        "author": "AFP",
        "description": "One seller is going even farther, saying he will take only bitcoin (33 of them to be exact) for his half-million-dollar downtown condo in the Florida metropolis.",
        "publishedAt": "2018-01-14T04:54:22Z",
        "source": Object {
          "id": null,
          "name": "Freemalaysiatoday.com",
        },
        "title": "Bitcoin fever hits US real estate market",
        "url": "http://www.freemalaysiatoday.com/category/business/2018/01/14/bitcoin-fever-hits-us-real-estate-market/",
        "urlToImage": "http://s3media.freemalaysiatoday.com/wp-content/uploads/2018/01/Bitcoin-fever-hits-US-real-estate-market.jpg",
      },
      Object {
        "author": "Emmanuel Okogba",
        "description": "The Central Bank of Nigeria (CBN) had, in a similar vein, early last year, issued a circular to banks and other financial institutions requiring them to take certain actions relating to digital currencies. Citing money laundering and terrorism financing, the …",
        "publishedAt": "2018-01-14T04:53:48Z",
        "source": Object {
          "id": null,
          "name": "Vanguardngr.com",
        },
        "title": "Bitcoin Craze! Is cryptocurrency real money or a Ponzi scheme ?",
        "url": "https://www.vanguardngr.com/2018/01/bitcoin-craze-cryptocurrency-real-money-ponzi-scheme/",
        "urlToImage": "https://cdn.vanguardngr.com/wp-content/uploads/2017/01/Bitcoin.png",
      },
      Object {
        "author": "Scott Scanlon",
        "description": "BITCOIN PRICE: 14,204.30 HIGH: 14,619.10 LOW: 13,750.00 Advertise with Us Jobs at BTCManager Don’t miss out on the latest news Get BTCMANAGER delivered right to your inbox CoinsBank took its maiden voyage when it held the first ever CoinsBank Blockchain Cruis…",
        "publishedAt": "2018-01-14T04:43:19Z",
        "source": Object {
          "id": null,
          "name": "Youbrandinc.com",
        },
        "title": "IBM, Comcast Corp. and MState Set to Boost Blockchain-Based Startups",
        "url": "https://www.youbrandinc.com/blockchain/ibm-comcast-corp-and-mstate-set-to-boost-blockchain-based-startups/",
        "urlToImage": "https://www.youbrandinc.com/wp-content/uploads/2018/01/IBM-And-Comcast-Set-To-Boost-Blockchain-Based-Startups-1024x611.jpg",
      },
      Object {
        "author": "Aayush Jindal",
        "description": "Key Points Bitcoin cash price is mostly trading in a range above the $2350 support against the US Dollar. There is a major contracting triangle forming with resistance at $2800 on the 4-hours chart of BCH/USD (data feed from Kraken). The pair has to move eith…",
        "publishedAt": "2018-01-14T04:38:51Z",
        "source": Object {
          "id": null,
          "name": "Newsbtc.com",
        },
        "title": "Bitcoin Cash Price Weekly Analysis – BCH/USD Preparing for Break",
        "url": "https://www.newsbtc.com/2018/01/14/bitcoin-cash-price-weekly-analysis-bch-usd-preparing-break/",
        "urlToImage": "https://s3.amazonaws.com/main-newsbtc-images/2018/01/14042706/Bitcoin_Cash_Price_BCH_USD5.jpg",
      },
      Object {
        "author": null,
        "description": "COPENHAGEN, Denmark, Jan. 13, 2018 /PRNewswire/ -- Danish blockchain pioneer Ronny Boesing went from selling CDs to having his own cryptocurrency exchange in 2014. Now cryptocurrencies at an estimated 5 million USD are traded daily on OpenLedger. read more",
        "publishedAt": "2018-01-14T04:30:22Z",
        "source": Object {
          "id": null,
          "name": "Sys-con.com",
        },
        "title": "Danish Bitcoin Pioneer Ronny Boesing Behind Crypto Startup OpenLedger",
        "url": "http://news.sys-con.com/node/4220099",
        "urlToImage": "",
      },
      Object {
        "author": "OpenLedger",
        "description": "COPENHAGEN, Denmark, Jan. 13, 2018 /PRNewswire/ -- Danish blockchain pioneer Ronny Boesing went from selling CDs to having his own cryptocurrency exchange in 2014. Now cryptocurrencies at an estimated 5 million USD are traded daily on OpenLedger. Since its in…",
        "publishedAt": "2018-01-14T04:30:00Z",
        "source": Object {
          "id": null,
          "name": "Prnewswire.com",
        },
        "title": "Danish Bitcoin Pioneer Ronny Boesing Behind Crypto Startup OpenLedger",
        "url": "https://www.prnewswire.com/news-releases/danish-bitcoin-pioneer-ronny-boesing-behind-crypto-startup-openledger-300582351.html",
        "urlToImage": "https://mma.prnewswire.com/media/628374/c06875a9c7ef029e2c4462921b75.jpg?p=facebook",
      },
      Object {
        "author": "tzink",
        "description": "Disclaimer - If you haven't read my disclaimer yet, make sure you do so here. TL;DR version - Buyer beware, I am not an expert, I am fumbling my way through this like the rest of you. Also, I hold a little bit of Bitcoin, Ethereum, and Cardano. So, over the p…",
        "publishedAt": "2018-01-14T04:28:46Z",
        "source": Object {
          "id": null,
          "name": "Microsoft.com",
        },
        "title": "Strategies for reducing crytocurrency’s trading friction (that don’t work that well)",
        "url": "https://blogs.msdn.microsoft.com/tzink/2018/01/13/strategies-for-reducing-crytocurrencys-trading-friction-that-dont-work-that-well/",
        "urlToImage": null,
      },
      Object {
        "author": "EditorDavid",
        "description": "\\"97% of all bitcoins are held by 4% of addresses,\\" reports Credit Suisse (in an article cited by Slashdot reader CaptainDork). And elsewhere this week, Warren Buffett told CNBC that speculation in bitcoin and other cryptocurrencies \\"will have a bad ending,\\" a…",
        "publishedAt": "2018-01-14T04:24:00Z",
        "source": Object {
          "id": null,
          "name": "Slashdot.org",
        },
        "title": "Warren Buffett Predicts 'Bad Ending' for Cryptocurrencies",
        "url": "https://news.slashdot.org/story/18/01/14/0317246/warren-buffett-predicts-bad-ending-for-cryptocurrencies",
        "urlToImage": "https://a.fsdn.com/sd/topics/money_64.png",
      },
      Object {
        "author": null,
        "description": "The Internet on one page. Successor of Popurls, the mother of news aggregators. By @thomas",
        "publishedAt": "2018-01-14T04:17:09Z",
        "source": Object {
          "id": null,
          "name": "Hvper.com",
        },
        "title": "👉 7 Crucial Lessons People Often Learn Too Late in Life via Hvper.com",
        "url": "http://www.hvper.com/?ref=feed_57afa6c1ef0e4e569664265ca269eb1d",
        "urlToImage": "http://www.hvper.com/static/img/og_08.png",
      },
      Object {
        "author": null,
        "description": "The Internet on one page. Successor of Popurls, the mother of news aggregators. By @thomas",
        "publishedAt": "2018-01-14T04:17:09Z",
        "source": Object {
          "id": null,
          "name": "Hvper.com",
        },
        "title": "👉 George is getting upset! (X-Post from /r/seinfeldgifs) via Hvper.com",
        "url": "http://www.hvper.com/?ref=feed_92ec528c7a8a1025b4ae85351f117ab7",
        "urlToImage": "http://www.hvper.com/static/img/og_08.png",
      },
      Object {
        "author": null,
        "description": "The Internet on one page. Successor of Popurls, the mother of news aggregators. By @thomas",
        "publishedAt": "2018-01-14T04:17:09Z",
        "source": Object {
          "id": null,
          "name": "Hvper.com",
        },
        "title": "👉 This Is What Malia Obama Texted Barack After He Failed At Moving Her Into College via Hvper.com",
        "url": "http://www.hvper.com/?ref=feed_6ffc6e28281622d0031f05934a0c1069",
        "urlToImage": "http://www.hvper.com/static/img/og_08.png",
      },
      Object {
        "author": null,
        "description": "she's making commentary on bitcoin.",
        "publishedAt": "2018-01-14T04:08:37Z",
        "source": Object {
          "id": null,
          "name": "Deviantart.com",
        },
        "title": "smug yoko (w/ commentary)",
        "url": "https://messy-nessie.deviantart.com/art/smug-yoko-w-commentary-725473866",
        "urlToImage": "https://img00.deviantart.net/2591/i/2018/013/8/8/smug_yoko__w__commentary__by_messy_nessie-dbzxf7u.jpg",
      },
      Object {
        "author": "http://www.dailymail.co.uk/home/search.html?s=&authornamef=Afp, By Afp",
        "description": "Bitcoin fever has hit the US real estate market, especially that of Florida, offering foreign investors a way to dodge currency controls at home and US...",
        "publishedAt": "2018-01-14T04:03:29Z",
        "source": Object {
          "id": "daily-mail",
          "name": "Daily Mail",
        },
        "title": "Bitcoin fever hits US real estate market",
        "url": "http://www.dailymail.co.uk/wires/afp/article-5267157/Bitcoin-fever-hits-US-real-estate-market.html",
        "urlToImage": "http://i.dailymail.co.uk/1/2018/01/14/04/wire-2069674-1515902607-981_636x382.jpg",
      },
      Object {
        "author": "Scott Scanlon",
        "description": "The band’s name translates to “Virtual Currency Girls” and is the creation of Japanese entertainment company Cinderella Academy. The company manages several other popular brands and launched Kasotsuka Shojo as a way to educate people about cryptocurrency. Eac…",
        "publishedAt": "2018-01-14T04:03:21Z",
        "source": Object {
          "id": null,
          "name": "Youbrandinc.com",
        },
        "title": "Kasotsuka Shojo is the world’s first cryptocurrency-themed pop group",
        "url": "https://www.youbrandinc.com/crytocurrency/kasotsuka-shojo-is-the-worlds-first-cryptocurrency-themed-pop-group/",
        "urlToImage": "https://www.youbrandinc.com/wp-content/uploads/2018/01/jpop-1200x630-c-ar1.91.jpg",
      },
      Object {
        "author": "FRANCE24",
        "description": "Bitcoin fever has hit the US real estate market, especially that of Florida, offering foreign investors a way to dodge currency controls at home and US economic sanctions. As of the end of last year, the digital currency was listed as a way to pay for some 75…",
        "publishedAt": "2018-01-14T04:00:30Z",
        "source": Object {
          "id": null,
          "name": "France24.com",
        },
        "title": "Bitcoin fever hits US real estate market",
        "url": "http://www.france24.com/en/20180114-bitcoin-fever-hits-us-real-estate-market",
        "urlToImage": "http://scd.france24.com/en/files/imagecache/home_1024/images/afp/ea267be1adbec439a72b43c5b7dbaccf10ac63af.jpg",
      },
      Object {
        "author": "AFP",
        "description": "Analysts meanwhile predict that rollercoaster ride of virtual currencies is set to carry on.",
        "publishedAt": "2018-01-14T03:57:52Z",
        "source": Object {
          "id": null,
          "name": "Freemalaysiatoday.com",
        },
        "title": "Cryptocurrency rivals snap at Bitcoin’s heels",
        "url": "http://www.freemalaysiatoday.com/category/business/2018/01/14/cryptocurrency-rivals-snap-at-bitcoins-heels/",
        "urlToImage": "http://s3media.freemalaysiatoday.com/wp-content/uploads/2018/01/bitcoin.jpg",
      },
    ],
  },
}
`;

exports[`graphql middleware query BuyPrice 1`] = `
Object {
  "data": Object {
    "buyPrice": Object {
      "amount": 13864.28,
      "base": "BTC",
      "code": "BTC",
      "color": "#FFB119",
      "currency": "USD",
      "name": "Bitcoin",
    },
  },
}
`;

exports[`graphql middleware query Currencies 1`] = `
Object {
  "data": Object {
    "currencies": Array [
      Object {
        "id": "AED",
        "name": "United Arab Emirates Dirham",
      },
      Object {
        "id": "AFN",
        "name": "Afghan Afghani",
      },
      Object {
        "id": "ALL",
        "name": "Albanian Lek",
      },
      Object {
        "id": "AMD",
        "name": "Armenian Dram",
      },
      Object {
        "id": "ANG",
        "name": "Netherlands Antillean Gulden",
      },
      Object {
        "id": "AOA",
        "name": "Angolan Kwanza",
      },
      Object {
        "id": "ARS",
        "name": "Argentine Peso",
      },
      Object {
        "id": "AUD",
        "name": "Australian Dollar",
      },
      Object {
        "id": "AWG",
        "name": "Aruban Florin",
      },
      Object {
        "id": "AZN",
        "name": "Azerbaijani Manat",
      },
      Object {
        "id": "BAM",
        "name": "Bosnia and Herzegovina Convertible Mark",
      },
      Object {
        "id": "BBD",
        "name": "Barbadian Dollar",
      },
      Object {
        "id": "BDT",
        "name": "Bangladeshi Taka",
      },
      Object {
        "id": "BGN",
        "name": "Bulgarian Lev",
      },
      Object {
        "id": "BHD",
        "name": "Bahraini Dinar",
      },
      Object {
        "id": "BIF",
        "name": "Burundian Franc",
      },
      Object {
        "id": "BMD",
        "name": "Bermudian Dollar",
      },
      Object {
        "id": "BND",
        "name": "Brunei Dollar",
      },
      Object {
        "id": "BOB",
        "name": "Bolivian Boliviano",
      },
      Object {
        "id": "BRL",
        "name": "Brazilian Real",
      },
      Object {
        "id": "BSD",
        "name": "Bahamian Dollar",
      },
      Object {
        "id": "BTC",
        "name": "Bitcoin",
      },
      Object {
        "id": "BTN",
        "name": "Bhutanese Ngultrum",
      },
      Object {
        "id": "BWP",
        "name": "Botswana Pula",
      },
      Object {
        "id": "BYN",
        "name": "Belarusian Ruble",
      },
      Object {
        "id": "BYR",
        "name": "Belarusian Ruble",
      },
      Object {
        "id": "BZD",
        "name": "Belize Dollar",
      },
      Object {
        "id": "CAD",
        "name": "Canadian Dollar",
      },
      Object {
        "id": "CDF",
        "name": "Congolese Franc",
      },
      Object {
        "id": "CHF",
        "name": "Swiss Franc",
      },
      Object {
        "id": "CLF",
        "name": "Unidad de Fomento",
      },
      Object {
        "id": "CLP",
        "name": "Chilean Peso",
      },
      Object {
        "id": "CNH",
        "name": "Chinese Renminbi Yuan Offshore",
      },
      Object {
        "id": "CNY",
        "name": "Chinese Renminbi Yuan",
      },
      Object {
        "id": "COP",
        "name": "Colombian Peso",
      },
      Object {
        "id": "CRC",
        "name": "Costa Rican Colón",
      },
      Object {
        "id": "CUC",
        "name": "Cuban Convertible Peso",
      },
      Object {
        "id": "CVE",
        "name": "Cape Verdean Escudo",
      },
      Object {
        "id": "CZK",
        "name": "Czech Koruna",
      },
      Object {
        "id": "DJF",
        "name": "Djiboutian Franc",
      },
      Object {
        "id": "DKK",
        "name": "Danish Krone",
      },
      Object {
        "id": "DOP",
        "name": "Dominican Peso",
      },
      Object {
        "id": "DZD",
        "name": "Algerian Dinar",
      },
      Object {
        "id": "EEK",
        "name": "Estonian Kroon",
      },
      Object {
        "id": "EGP",
        "name": "Egyptian Pound",
      },
      Object {
        "id": "ERN",
        "name": "Eritrean Nakfa",
      },
      Object {
        "id": "ETB",
        "name": "Ethiopian Birr",
      },
      Object {
        "id": "EUR",
        "name": "Euro",
      },
      Object {
        "id": "FJD",
        "name": "Fijian Dollar",
      },
      Object {
        "id": "FKP",
        "name": "Falkland Pound",
      },
      Object {
        "id": "GBP",
        "name": "British Pound",
      },
      Object {
        "id": "GEL",
        "name": "Georgian Lari",
      },
      Object {
        "id": "GGP",
        "name": "Guernsey Pound",
      },
      Object {
        "id": "GHS",
        "name": "Ghanaian Cedi",
      },
      Object {
        "id": "GIP",
        "name": "Gibraltar Pound",
      },
      Object {
        "id": "GMD",
        "name": "Gambian Dalasi",
      },
      Object {
        "id": "GNF",
        "name": "Guinean Franc",
      },
      Object {
        "id": "GTQ",
        "name": "Guatemalan Quetzal",
      },
      Object {
        "id": "GYD",
        "name": "Guyanese Dollar",
      },
      Object {
        "id": "HKD",
        "name": "Hong Kong Dollar",
      },
      Object {
        "id": "HNL",
        "name": "Honduran Lempira",
      },
      Object {
        "id": "HRK",
        "name": "Croatian Kuna",
      },
      Object {
        "id": "HTG",
        "name": "Haitian Gourde",
      },
      Object {
        "id": "HUF",
        "name": "Hungarian Forint",
      },
      Object {
        "id": "IDR",
        "name": "Indonesian Rupiah",
      },
      Object {
        "id": "ILS",
        "name": "Israeli New Sheqel",
      },
      Object {
        "id": "IMP",
        "name": "Isle of Man Pound",
      },
      Object {
        "id": "INR",
        "name": "Indian Rupee",
      },
      Object {
        "id": "IQD",
        "name": "Iraqi Dinar",
      },
      Object {
        "id": "ISK",
        "name": "Icelandic Króna",
      },
      Object {
        "id": "JEP",
        "name": "Jersey Pound",
      },
      Object {
        "id": "JMD",
        "name": "Jamaican Dollar",
      },
      Object {
        "id": "JOD",
        "name": "Jordanian Dinar",
      },
      Object {
        "id": "JPY",
        "name": "Japanese Yen",
      },
      Object {
        "id": "KES",
        "name": "Kenyan Shilling",
      },
      Object {
        "id": "KGS",
        "name": "Kyrgyzstani Som",
      },
      Object {
        "id": "KHR",
        "name": "Cambodian Riel",
      },
      Object {
        "id": "KMF",
        "name": "Comorian Franc",
      },
      Object {
        "id": "KRW",
        "name": "South Korean Won",
      },
      Object {
        "id": "KWD",
        "name": "Kuwaiti Dinar",
      },
      Object {
        "id": "KYD",
        "name": "Cayman Islands Dollar",
      },
      Object {
        "id": "KZT",
        "name": "Kazakhstani Tenge",
      },
      Object {
        "id": "LAK",
        "name": "Lao Kip",
      },
      Object {
        "id": "LBP",
        "name": "Lebanese Pound",
      },
      Object {
        "id": "LKR",
        "name": "Sri Lankan Rupee",
      },
      Object {
        "id": "LRD",
        "name": "Liberian Dollar",
      },
      Object {
        "id": "LSL",
        "name": "Lesotho Loti",
      },
      Object {
        "id": "LTL",
        "name": "Lithuanian Litas",
      },
      Object {
        "id": "LVL",
        "name": "Latvian Lats",
      },
      Object {
        "id": "LYD",
        "name": "Libyan Dinar",
      },
      Object {
        "id": "MAD",
        "name": "Moroccan Dirham",
      },
      Object {
        "id": "MDL",
        "name": "Moldovan Leu",
      },
      Object {
        "id": "MGA",
        "name": "Malagasy Ariary",
      },
      Object {
        "id": "MKD",
        "name": "Macedonian Denar",
      },
      Object {
        "id": "MMK",
        "name": "Myanmar Kyat",
      },
      Object {
        "id": "MNT",
        "name": "Mongolian Tögrög",
      },
      Object {
        "id": "MOP",
        "name": "Macanese Pataca",
      },
      Object {
        "id": "MRO",
        "name": "Mauritanian Ouguiya",
      },
      Object {
        "id": "MTL",
        "name": "Maltese Lira",
      },
      Object {
        "id": "MUR",
        "name": "Mauritian Rupee",
      },
      Object {
        "id": "MVR",
        "name": "Maldivian Rufiyaa",
      },
      Object {
        "id": "MWK",
        "name": "Malawian Kwacha",
      },
      Object {
        "id": "MXN",
        "name": "Mexican Peso",
      },
      Object {
        "id": "MYR",
        "name": "Malaysian Ringgit",
      },
      Object {
        "id": "MZN",
        "name": "Mozambican Metical",
      },
      Object {
        "id": "NAD",
        "name": "Namibian Dollar",
      },
      Object {
        "id": "NGN",
        "name": "Nigerian Naira",
      },
      Object {
        "id": "NIO",
        "name": "Nicaraguan Córdoba",
      },
      Object {
        "id": "NOK",
        "name": "Norwegian Krone",
      },
      Object {
        "id": "NPR",
        "name": "Nepalese Rupee",
      },
      Object {
        "id": "NZD",
        "name": "New Zealand Dollar",
      },
      Object {
        "id": "OMR",
        "name": "Omani Rial",
      },
      Object {
        "id": "PAB",
        "name": "Panamanian Balboa",
      },
      Object {
        "id": "PEN",
        "name": "Peruvian Sol",
      },
      Object {
        "id": "PGK",
        "name": "Papua New Guinean Kina",
      },
      Object {
        "id": "PHP",
        "name": "Philippine Peso",
      },
      Object {
        "id": "PKR",
        "name": "Pakistani Rupee",
      },
      Object {
        "id": "PLN",
        "name": "Polish Złoty",
      },
      Object {
        "id": "PYG",
        "name": "Paraguayan Guaraní",
      },
      Object {
        "id": "QAR",
        "name": "Qatari Riyal",
      },
      Object {
        "id": "RON",
        "name": "Romanian Leu",
      },
      Object {
        "id": "RSD",
        "name": "Serbian Dinar",
      },
      Object {
        "id": "RUB",
        "name": "Russian Ruble",
      },
      Object {
        "id": "RWF",
        "name": "Rwandan Franc",
      },
      Object {
        "id": "SAR",
        "name": "Saudi Riyal",
      },
      Object {
        "id": "SBD",
        "name": "Solomon Islands Dollar",
      },
      Object {
        "id": "SCR",
        "name": "Seychellois Rupee",
      },
      Object {
        "id": "SEK",
        "name": "Swedish Krona",
      },
      Object {
        "id": "SGD",
        "name": "Singapore Dollar",
      },
      Object {
        "id": "SHP",
        "name": "Saint Helenian Pound",
      },
      Object {
        "id": "SLL",
        "name": "Sierra Leonean Leone",
      },
      Object {
        "id": "SOS",
        "name": "Somali Shilling",
      },
      Object {
        "id": "SRD",
        "name": "Surinamese Dollar",
      },
      Object {
        "id": "SSP",
        "name": "South Sudanese Pound",
      },
      Object {
        "id": "STD",
        "name": "São Tomé and Príncipe Dobra",
      },
      Object {
        "id": "SVC",
        "name": "Salvadoran Colón",
      },
      Object {
        "id": "SZL",
        "name": "Swazi Lilangeni",
      },
      Object {
        "id": "THB",
        "name": "Thai Baht",
      },
      Object {
        "id": "TJS",
        "name": "Tajikistani Somoni",
      },
      Object {
        "id": "TMT",
        "name": "Turkmenistani Manat",
      },
      Object {
        "id": "TND",
        "name": "Tunisian Dinar",
      },
      Object {
        "id": "TOP",
        "name": "Tongan Paʻanga",
      },
      Object {
        "id": "TRY",
        "name": "Turkish Lira",
      },
      Object {
        "id": "TTD",
        "name": "Trinidad and Tobago Dollar",
      },
      Object {
        "id": "TWD",
        "name": "New Taiwan Dollar",
      },
      Object {
        "id": "TZS",
        "name": "Tanzanian Shilling",
      },
      Object {
        "id": "UAH",
        "name": "Ukrainian Hryvnia",
      },
      Object {
        "id": "UGX",
        "name": "Ugandan Shilling",
      },
      Object {
        "id": "USD",
        "name": "United States Dollar",
      },
      Object {
        "id": "UYU",
        "name": "Uruguayan Peso",
      },
      Object {
        "id": "UZS",
        "name": "Uzbekistan Som",
      },
      Object {
        "id": "VEF",
        "name": "Venezuelan Bolívar",
      },
      Object {
        "id": "VND",
        "name": "Vietnamese Đồng",
      },
      Object {
        "id": "VUV",
        "name": "Vanuatu Vatu",
      },
      Object {
        "id": "WST",
        "name": "Samoan Tala",
      },
      Object {
        "id": "XAF",
        "name": "Central African Cfa Franc",
      },
      Object {
        "id": "XAG",
        "name": "Silver (Troy Ounce)",
      },
      Object {
        "id": "XAU",
        "name": "Gold (Troy Ounce)",
      },
      Object {
        "id": "XCD",
        "name": "East Caribbean Dollar",
      },
      Object {
        "id": "XDR",
        "name": "Special Drawing Rights",
      },
      Object {
        "id": "XOF",
        "name": "West African Cfa Franc",
      },
      Object {
        "id": "XPD",
        "name": "Palladium",
      },
      Object {
        "id": "XPF",
        "name": "Cfp Franc",
      },
      Object {
        "id": "XPT",
        "name": "Platinum",
      },
      Object {
        "id": "YER",
        "name": "Yemeni Rial",
      },
      Object {
        "id": "ZAR",
        "name": "South African Rand",
      },
      Object {
        "id": "ZMK",
        "name": "Zambian Kwacha",
      },
      Object {
        "id": "ZMW",
        "name": "Zambian Kwacha",
      },
      Object {
        "id": "ZWL",
        "name": "Zimbabwean Dollar",
      },
    ],
  },
}
`;

exports[`graphql middleware query ExchangeRates 1`] = `
Object {
  "data": Object {
    "exchangeRates": Object {
      "currency": "USD",
      "rates": Array [
        Object {
          "currency": "AED",
          "value": 3.67,
        },
        Object {
          "currency": "AFN",
          "value": 70.17,
        },
        Object {
          "currency": "ALL",
          "value": 110,
        },
        Object {
          "currency": "AMD",
          "value": 483.28,
        },
        Object {
          "currency": "ANG",
          "value": 1.77,
        },
        Object {
          "currency": "AOA",
          "value": 184.38,
        },
        Object {
          "currency": "ARS",
          "value": 18.65,
        },
        Object {
          "currency": "AUD",
          "value": 1.26,
        },
        Object {
          "currency": "AWG",
          "value": 1.79,
        },
        Object {
          "currency": "AZN",
          "value": 1.69,
        },
        Object {
          "currency": "BAM",
          "value": 1.62,
        },
        Object {
          "currency": "BBD",
          "value": 2,
        },
        Object {
          "currency": "BCH",
          "value": 0.00038835,
        },
        Object {
          "currency": "BDT",
          "value": 82.33,
        },
        Object {
          "currency": "BGN",
          "value": 1.6,
        },
        Object {
          "currency": "BHD",
          "value": 0.376,
        },
        Object {
          "currency": "BIF",
          "value": 1771,
        },
        Object {
          "currency": "BMD",
          "value": 1,
        },
        Object {
          "currency": "BND",
          "value": 1.33,
        },
        Object {
          "currency": "BOB",
          "value": 6.87,
        },
        Object {
          "currency": "BRL",
          "value": 3.21,
        },
        Object {
          "currency": "BSD",
          "value": 1,
        },
        Object {
          "currency": "BTC",
          "value": 0.000073,
        },
        Object {
          "currency": "BTN",
          "value": 63.24,
        },
        Object {
          "currency": "BWP",
          "value": 9.83,
        },
        Object {
          "currency": "BYN",
          "value": 1.99,
        },
        Object {
          "currency": "BYR",
          "value": 19871,
        },
        Object {
          "currency": "BZD",
          "value": 2,
        },
        Object {
          "currency": "CAD",
          "value": 1.25,
        },
        Object {
          "currency": "CDF",
          "value": 1600.1,
        },
        Object {
          "currency": "CHF",
          "value": 0.97,
        },
        Object {
          "currency": "CLF",
          "value": 0.0228,
        },
        Object {
          "currency": "CLP",
          "value": 604,
        },
        Object {
          "currency": "CNH",
          "value": 6.46,
        },
        Object {
          "currency": "CNY",
          "value": 6.45,
        },
        Object {
          "currency": "COP",
          "value": 2839.05,
        },
        Object {
          "currency": "CRC",
          "value": 563.37,
        },
        Object {
          "currency": "CUC",
          "value": 1,
        },
        Object {
          "currency": "CVE",
          "value": 91.56,
        },
        Object {
          "currency": "CZK",
          "value": 20.91,
        },
        Object {
          "currency": "DJF",
          "value": 179,
        },
        Object {
          "currency": "DKK",
          "value": 6.11,
        },
        Object {
          "currency": "DOP",
          "value": 48.15,
        },
        Object {
          "currency": "DZD",
          "value": 114.24,
        },
        Object {
          "currency": "EEK",
          "value": 14.61,
        },
        Object {
          "currency": "EGP",
          "value": 17.7,
        },
        Object {
          "currency": "ERN",
          "value": 15.26,
        },
        Object {
          "currency": "ETB",
          "value": 27.58,
        },
        Object {
          "currency": "ETH",
          "value": 0.00075447,
        },
        Object {
          "currency": "EUR",
          "value": 0.82,
        },
        Object {
          "currency": "FJD",
          "value": 2.02,
        },
        Object {
          "currency": "FKP",
          "value": 0.73,
        },
        Object {
          "currency": "GBP",
          "value": 0.73,
        },
        Object {
          "currency": "GEL",
          "value": 2.57,
        },
        Object {
          "currency": "GGP",
          "value": 0.73,
        },
        Object {
          "currency": "GHS",
          "value": 4.56,
        },
        Object {
          "currency": "GIP",
          "value": 0.73,
        },
        Object {
          "currency": "GMD",
          "value": 47.65,
        },
        Object {
          "currency": "GNF",
          "value": 9000,
        },
        Object {
          "currency": "GTQ",
          "value": 7.3,
        },
        Object {
          "currency": "GYD",
          "value": 206.08,
        },
        Object {
          "currency": "HKD",
          "value": 7.82,
        },
        Object {
          "currency": "HNL",
          "value": 23.51,
        },
        Object {
          "currency": "HRK",
          "value": 6.11,
        },
        Object {
          "currency": "HTG",
          "value": 64.81,
        },
        Object {
          "currency": "HUF",
          "value": 253,
        },
        Object {
          "currency": "IDR",
          "value": 13408.7,
        },
        Object {
          "currency": "ILS",
          "value": 3.39,
        },
        Object {
          "currency": "IMP",
          "value": 0.73,
        },
        Object {
          "currency": "INR",
          "value": 63.59,
        },
        Object {
          "currency": "IQD",
          "value": 1184.35,
        },
        Object {
          "currency": "ISK",
          "value": 103,
        },
        Object {
          "currency": "JEP",
          "value": 0.73,
        },
        Object {
          "currency": "JMD",
          "value": 123.42,
        },
        Object {
          "currency": "JOD",
          "value": 0.71,
        },
        Object {
          "currency": "JPY",
          "value": 111,
        },
        Object {
          "currency": "KES",
          "value": 102.96,
        },
        Object {
          "currency": "KGS",
          "value": 69.28,
        },
        Object {
          "currency": "KHR",
          "value": 3996.05,
        },
        Object {
          "currency": "KMF",
          "value": 404,
        },
        Object {
          "currency": "KRW",
          "value": 1059,
        },
        Object {
          "currency": "KWD",
          "value": 0.301,
        },
        Object {
          "currency": "KYD",
          "value": 0.83,
        },
        Object {
          "currency": "KZT",
          "value": 329.36,
        },
        Object {
          "currency": "LAK",
          "value": 8264.85,
        },
        Object {
          "currency": "LBP",
          "value": 1506.25,
        },
        Object {
          "currency": "LKR",
          "value": 152.87,
        },
        Object {
          "currency": "LRD",
          "value": 126.91,
        },
        Object {
          "currency": "LSL",
          "value": 12.32,
        },
        Object {
          "currency": "LTC",
          "value": 0.0041143,
        },
        Object {
          "currency": "LTL",
          "value": 3.22,
        },
        Object {
          "currency": "LVL",
          "value": 0.66,
        },
        Object {
          "currency": "LYD",
          "value": 1.349,
        },
        Object {
          "currency": "MAD",
          "value": 9.24,
        },
        Object {
          "currency": "MDL",
          "value": 16.97,
        },
        Object {
          "currency": "MGA",
          "value": 3226.4,
        },
        Object {
          "currency": "MKD",
          "value": 50.52,
        },
        Object {
          "currency": "MMK",
          "value": 1342.8,
        },
        Object {
          "currency": "MNT",
          "value": 2425.9,
        },
        Object {
          "currency": "MOP",
          "value": 8.01,
        },
        Object {
          "currency": "MRO",
          "value": 355.3,
        },
        Object {
          "currency": "MTL",
          "value": 0.68,
        },
        Object {
          "currency": "MUR",
          "value": 33.1,
        },
        Object {
          "currency": "MVR",
          "value": 15.41,
        },
        Object {
          "currency": "MWK",
          "value": 723,
        },
        Object {
          "currency": "MXN",
          "value": 19.03,
        },
        Object {
          "currency": "MYR",
          "value": 3.98,
        },
        Object {
          "currency": "MZN",
          "value": 59,
        },
        Object {
          "currency": "NAD",
          "value": 12.32,
        },
        Object {
          "currency": "NGN",
          "value": 360,
        },
        Object {
          "currency": "NIO",
          "value": 30.8,
        },
        Object {
          "currency": "NOK",
          "value": 7.93,
        },
        Object {
          "currency": "NPR",
          "value": 101.19,
        },
        Object {
          "currency": "NZD",
          "value": 1.38,
        },
        Object {
          "currency": "OMR",
          "value": 0.385,
        },
        Object {
          "currency": "PAB",
          "value": 1,
        },
        Object {
          "currency": "PEN",
          "value": 3.22,
        },
        Object {
          "currency": "PGK",
          "value": 3.21,
        },
        Object {
          "currency": "PHP",
          "value": 50.43,
        },
        Object {
          "currency": "PKR",
          "value": 110.55,
        },
        Object {
          "currency": "PLN",
          "value": 3.42,
        },
        Object {
          "currency": "PYG",
          "value": 5591,
        },
        Object {
          "currency": "QAR",
          "value": 3.64,
        },
        Object {
          "currency": "RON",
          "value": 3.8,
        },
        Object {
          "currency": "RSD",
          "value": 97.2,
        },
        Object {
          "currency": "RUB",
          "value": 56.65,
        },
        Object {
          "currency": "RWF",
          "value": 854,
        },
        Object {
          "currency": "SAR",
          "value": 3.75,
        },
        Object {
          "currency": "SBD",
          "value": 7.77,
        },
        Object {
          "currency": "SCR",
          "value": 14.03,
        },
        Object {
          "currency": "SEK",
          "value": 8.05,
        },
        Object {
          "currency": "SGD",
          "value": 1.32,
        },
        Object {
          "currency": "SHP",
          "value": 0.73,
        },
        Object {
          "currency": "SLL",
          "value": 7663.97,
        },
        Object {
          "currency": "SOS",
          "value": 574.78,
        },
        Object {
          "currency": "SRD",
          "value": 7.46,
        },
        Object {
          "currency": "SSP",
          "value": 130.26,
        },
        Object {
          "currency": "STD",
          "value": 20231.04,
        },
        Object {
          "currency": "SVC",
          "value": 8.69,
        },
        Object {
          "currency": "SZL",
          "value": 12.32,
        },
        Object {
          "currency": "THB",
          "value": 31.77,
        },
        Object {
          "currency": "TJS",
          "value": 8.76,
        },
        Object {
          "currency": "TMT",
          "value": 3.51,
        },
        Object {
          "currency": "TND",
          "value": 2.435,
        },
        Object {
          "currency": "TOP",
          "value": 2.26,
        },
        Object {
          "currency": "TRY",
          "value": 3.75,
        },
        Object {
          "currency": "TTD",
          "value": 6.69,
        },
        Object {
          "currency": "TWD",
          "value": 29.6,
        },
        Object {
          "currency": "TZS",
          "value": 2245.5,
        },
        Object {
          "currency": "UAH",
          "value": 28.36,
        },
        Object {
          "currency": "UGX",
          "value": 3647,
        },
        Object {
          "currency": "USD",
          "value": 1,
        },
        Object {
          "currency": "UYU",
          "value": 28.48,
        },
        Object {
          "currency": "UZS",
          "value": 8083.55,
        },
        Object {
          "currency": "VEF",
          "value": 10.09,
        },
        Object {
          "currency": "VND",
          "value": 22705,
        },
        Object {
          "currency": "VUV",
          "value": 106,
        },
        Object {
          "currency": "WST",
          "value": 2.53,
        },
        Object {
          "currency": "XAF",
          "value": 538,
        },
        Object {
          "currency": "XAG",
          "value": 0,
        },
        Object {
          "currency": "XAU",
          "value": 0,
        },
        Object {
          "currency": "XCD",
          "value": 2.7,
        },
        Object {
          "currency": "XDR",
          "value": 1,
        },
        Object {
          "currency": "XOF",
          "value": 538,
        },
        Object {
          "currency": "XPD",
          "value": 0,
        },
        Object {
          "currency": "XPF",
          "value": 98,
        },
        Object {
          "currency": "XPT",
          "value": 0,
        },
        Object {
          "currency": "YER",
          "value": 250.3,
        },
        Object {
          "currency": "ZAR",
          "value": 12.36,
        },
        Object {
          "currency": "ZMK",
          "value": 5253.08,
        },
        Object {
          "currency": "ZMW",
          "value": 9.72,
        },
        Object {
          "currency": "ZWL",
          "value": 322.36,
        },
      ],
    },
  },
}
`;

exports[`graphql middleware query Name 1`] = `
Object {
  "data": Object {
    "name": "blue-sky-action",
  },
}
`;

exports[`graphql middleware query SpotPrices 1`] = `
Object {
  "data": Object {
    "spotPrices": Array [
      Object {
        "amount": 13726.67,
        "base": "BTC",
        "code": "BTC",
        "color": "#FFB119",
        "currency": "USD",
        "name": "Bitcoin",
      },
      Object {
        "amount": 2572.17,
        "base": "BCH",
        "code": "BCH",
        "color": "#8DC451",
        "currency": "USD",
        "name": "Bitcoin Cash",
      },
      Object {
        "amount": 1330.71,
        "base": "ETH",
        "code": "ETH",
        "color": "#6F7CBA",
        "currency": "USD",
        "name": "Ethereum",
      },
      Object {
        "amount": 243.38,
        "base": "LTC",
        "code": "LTC",
        "color": "#B5B5B5",
        "currency": "USD",
        "name": "Litecoin",
      },
    ],
  },
}
`;

exports[`graphql middleware query TopHeadlines 1`] = `
Object {
  "data": Object {
    "topHeadlines": Array [
      Object {
        "author": null,
        "description": "CNN's Gary Tuchman spoke with Trump supporters in Alabama and got their thoughts on his \\"shithole countries\\" comment.",
        "publishedAt": "2018-01-14T05:30:06.5427247Z",
        "source": Object {
          "id": "cnn",
          "name": "CNN",
        },
        "title": "Trump voter: 'Shithole' remark unpresidential - CNN Video",
        "url": "http://us.cnn.com/videos/politics/2018/01/13/trump-supporters-shithole-countries-tuchman-ac-dnt.cnn",
        "urlToImage": "http://cdn.cnn.com/cnnnext/dam/assets/180112210946-tuchman-trump-supporters-alabama-shithole-countries-dnt-super-tease.jpg",
      },
      Object {
        "author": "Nicole Chavez, CNN",
        "description": "The Trump administration has resumed receiving renewal applications for individuals eligible for the Deferred Action for Childhood Arrivals program.",
        "publishedAt": "2018-01-14T04:58:24Z",
        "source": Object {
          "id": "cnn",
          "name": "CNN",
        },
        "title": "Trump administration resumes accepting DACA renewals",
        "url": "http://us.cnn.com/2018/01/13/politics/daca-resumes-renewals/index.html",
        "urlToImage": "http://cdn.cnn.com/cnnnext/dam/assets/171116102011-daca-protest-01-super-tease.jpg",
      },
      Object {
        "author": "Eric Levenson and Barbara Starr, CNN",
        "description": "The false alarm of a missile heading for Hawaii left Americans wondering how the missile detection and emergency messaging systems are supposed to work -- and what went wrong.",
        "publishedAt": "2018-01-14T03:23:20Z",
        "source": Object {
          "id": "cnn",
          "name": "CNN",
        },
        "title": "How emergency alerts are supposed to happen, and what went wrong",
        "url": "http://us.cnn.com/2018/01/13/us/hawaii-false-alert-how-process/index.html",
        "urlToImage": "http://cdn.cnn.com/cnnnext/dam/assets/180113154055-hawaii-false-missle-alert-highway-super-tease.jpg",
      },
      Object {
        "author": "David Shortell, CNN",
        "description": "CNN's David Shortell was among the visitors to Hawaii's Kaneohe Bay on Saturday when they ran for cover and huddled in a hangar after receiving the missile warning.",
        "publishedAt": "2018-01-14T02:48:04Z",
        "source": Object {
          "id": "cnn",
          "name": "CNN",
        },
        "title": "Huddled in fear in Hawaii during the missile scare",
        "url": "http://us.cnn.com/2018/01/13/us/what-it-was-like-in-hawaii-during-missile-scare/index.html",
        "urlToImage": "http://cdn.cnn.com/cnnnext/dam/assets/171128111031-01-hawaii-nuclear-warning-trnd-super-tease.jpg",
      },
      Object {
        "author": "Veronica Stracqualursi, CNN",
        "description": "Former President Bill Clinton on Saturday denied accusations that his charity used donations for Haiti to pay for his daughter Chelsea's wedding to investment banker Mark Mezvinsky in 2010.",
        "publishedAt": "2018-01-14T01:40:56Z",
        "source": Object {
          "id": "cnn",
          "name": "CNN",
        },
        "title": "Clinton denies foundation funds paid for wedding",
        "url": "http://us.cnn.com/2018/01/13/politics/bill-clinton-denies-accusations-foundation-funds-wedding/index.html",
        "urlToImage": "http://cdn.cnn.com/cnnnext/dam/assets/171109094836-bill-clinton-conan-super-tease.jpg",
      },
      Object {
        "author": null,
        "description": "Residents of Hawaii watching a basketball game were greeted by an ominous message on their screens when an emergency alert notification was sent out claiming a \\"ballistic missile threat inbound to Hawaii.\\" The alert was a false alarm, according to state leade…",
        "publishedAt": "2018-01-14T00:22:05.6307992Z",
        "source": Object {
          "id": "cnn",
          "name": "CNN",
        },
        "title": "False missile alert interrupts basketball game - CNN Video",
        "url": "http://us.cnn.com/videos/us/2018/01/13/hawaii-basketball-game-false-missile-alert-sot-nr.cnn",
        "urlToImage": "http://cdn.cnn.com/cnnnext/dam/assets/180113191421-hawaii-basketball-game-super-tease.jpg",
      },
      Object {
        "author": "Veronica Stracqualursi, CNN",
        "description": "Rep. Trey Gowdy stepped down from the House Ethics Committee this week after five years of serving on the panel.",
        "publishedAt": "2018-01-14T00:06:00Z",
        "source": Object {
          "id": "cnn",
          "name": "CNN",
        },
        "title": "Rep. Gowdy resigns from House Ethics Committee",
        "url": "http://us.cnn.com/2018/01/13/politics/gowdy-steps-down-house-ethics/index.html",
        "urlToImage": "http://cdn.cnn.com/cnnnext/dam/assets/170510124145-trey-gowdy-benghazi-committee-super-tease.jpg",
      },
      Object {
        "author": "Dakin Andone, CNN",
        "description": "Residents of Hawaii and folks on holiday glanced at their phones Saturday morning and were greeted by an ominous message.",
        "publishedAt": "2018-01-13T22:28:38Z",
        "source": Object {
          "id": "cnn",
          "name": "CNN",
        },
        "title": "From paradise to panic: Hawaii residents and vacationers react to the false alarm",
        "url": "http://us.cnn.com/2018/01/13/us/hawaii-false-alarm-react/index.html",
        "urlToImage": "http://cdn.cnn.com/cnnnext/dam/assets/180113134649-hawaii-missile-alert-false-alarm-nr-00000000-super-tease.jpg",
      },
      Object {
        "author": "Jen Christensen, CNN",
        "description": "Trump's doctor got an urgent letter from more than 70 mental health experts and medical professionals urging him to perform basic mental health tests on the president.",
        "publishedAt": "2018-01-13T20:34:28Z",
        "source": Object {
          "id": "cnn",
          "name": "CNN",
        },
        "title": "Doctors want President Trump's head examined",
        "url": "http://us.cnn.com/2018/01/13/health/trump-mental-health-exam/index.html",
        "urlToImage": "http://cdn.cnn.com/cnnnext/dam/assets/171106015854-trump-texas-church-shooting-mental-health-problem-acosta-bpr-00011118-super-tease.jpg",
      },
      Object {
        "author": "Zachary Cohen, CNN",
        "description": "An emergency alert notification sent out on Saturday claiming a \\"ballistic missile threat inbound to Hawaii\\" was a false alarm, according to the Hawaii Office of Emergency Management and a tweet from one of the state's Democratic congresswomen.",
        "publishedAt": "2018-01-13T18:58:46Z",
        "source": Object {
          "id": "cnn",
          "name": "CNN",
        },
        "title": "Missile threat alert for Hawaii a false alarm",
        "url": "http://us.cnn.com/2018/01/13/politics/hawaii-missile-threat-false-alarm/index.html",
        "urlToImage": "http://cdn.cnn.com/cnnnext/dam/assets/180113134649-hawaii-missile-alert-false-alarm-nr-00000000-super-tease.jpg",
      },
    ],
  },
}
`;
