// Jest Snapshot v1, https://goo.gl/fbAQLP

exports[`graphql middleware query Articles 1`] = `
Object {
  "data": Object {
    "articles": Array [
      Object {
        "author": "Democracy at Work",
        "description": "<!-- All divs have been put onto one line because of whitespace issues when rendered inline in browsers --> A dynamic yet under-documented experiment in radical social transformation taking place in the United States. <!-- All divs have been put onto one line…",
        "publishedAt": "2018-01-20T22:24:00Z",
        "source": Object {
          "id": null,
          "name": "Alternet.org",
        },
        "title": "A Worker-Owned Cooperative Is Revitalizing Jackson, Mississippi",
        "url": "https://www.alternet.org/local-peace-economy/worker-owned-cooperative-revitalizing-jackson-mississippi",
        "urlToImage": "https://www.alternet.org/sites/default/files/story_images/22859997_1225030460962088_8968578510902895462_o.jpg",
      },
      Object {
        "author": null,
        "description": "A spotted hyena has been sighted in a Gabon national park for the first time in 20 years, conservationists said Friday, the latest large predator to have returned to a region where many had gone locally extinct.The global network of Agence France Presse c",
        "publishedAt": "2018-01-20T07:46:00Z",
        "source": Object {
          "id": null,
          "name": "Afp.com",
        },
        "title": "Spotted hyena returns to Gabon park after 20 years: researchers",
        "url": "https://www.afp.com/en/news/23/spotted-hyena-returns-gabon-park-after-20-years-researchers-doc-x69y11",
        "urlToImage": null,
      },
      Object {
        "author": "Scott Scanlon",
        "description": "There comes a time in every hyped-up business trend’s life cycle when the noise becomes so intense it’s comical. Cryptocurrency, bitcoin, and most important, the blockchain technology that underlies them, have reached that moment. Executives in just about any…",
        "publishedAt": "2018-01-20T07:43:12Z",
        "source": Object {
          "id": null,
          "name": "Youbrandinc.com",
        },
        "title": "We Put The Entire Internet On The Blockchain—and You Can Too",
        "url": "https://www.youbrandinc.com/blockchain/we-put-the-entire-internet-on-the-blockchain-and-you-can-too/",
        "urlToImage": "https://www.youbrandinc.com/wp-content/uploads/2018/01/BlockchainExtension-FINAL-1024x536.jpg",
      },
      Object {
        "author": "Scott Scanlon",
        "description": "NEW YORK — It may be a while, if ever, before investors can buy an exchange-traded fund made up of bitcoin and other digital currencies. Federal regulators have a long list of questions they want answered before they’ll approve a digital currency fund for Mai…",
        "publishedAt": "2018-01-20T07:03:18Z",
        "source": Object {
          "id": null,
          "name": "Youbrandinc.com",
        },
        "title": "SEC letter shows bitcoin funds won’t happen soon, if ever",
        "url": "https://www.youbrandinc.com/crytocurrency/sec-letter-shows-bitcoin-funds-wont-happen-soon-if-ever/",
        "urlToImage": "https://www.youbrandinc.com/wp-content/uploads/2018/01/ap18011560794236-1024x683.jpg",
      },
      Object {
        "author": "ET Online",
        "description": "Modi government has bad news for Indians dreaming of easy money via bitcoinsThe income tax department has sent tax notices to tens of thousands of people dealing in cryptocurrency. The notices were sent after a survey.",
        "publishedAt": "2018-01-20T06:49:37Z",
        "source": Object {
          "id": "the-times-of-india",
          "name": "The Times of India",
        },
        "title": "Modi government has bad news for Indians dreaming of easy money via bitcoins",
        "url": "https://economictimes.indiatimes.com/news/economy/policy/modi-government-has-bad-news-for-indians-dreaming-of-easy-money-via-bitcoins/articleshow/62579050.cms",
        "urlToImage": "https://img.etimg.com/thumb/msid-62579075,width-672,resizemode-4,imgsize-230770/bitcoin.jpg",
      },
      Object {
        "author": "RT",
        "description": "The largest cryptocurrency bitcoin surged to $20,000 in December. Its rapid growth was due to common folk deciding to invest in the hope of making a quick buck. It was a time for professional investors to sell. Read Full Article at RT.com",
        "publishedAt": "2018-01-20T06:46:10Z",
        "source": Object {
          "id": "rt",
          "name": "RT",
        },
        "title": "Bitcoin crashed because professionals cashed out, making a buck from last-minute amateur investors",
        "url": "https://www.rt.com/business/416472-bitcoin-collapsed-because-professionals-cashed/?utm_source=rss&utm_medium=rss&utm_campaign=RSS",
        "urlToImage": "https://cdni.rt.com/files/2018.01/article/5a61f424fc7e9323438b456d.jpg",
      },
      Object {
        "author": null,
        "description": "SEOUL, South Korea, Jan 20, 2018 /PRNewswire/ -- Global decentralized p2p lending platform Karma announced yesterday the official open trading of the platform's native KRM token. The platform is supported by successful Danish fintech startup OpenLedger. The O…",
        "publishedAt": "2018-01-20T06:45:26Z",
        "source": Object {
          "id": null,
          "name": "Sys-con.com",
        },
        "title": "Karma (KRM) Token Begins Trading With Blockchain Launch Following Successful $10 Million ICO Campaign",
        "url": "http://news.sys-con.com/node/4222936",
        "urlToImage": "",
      },
      Object {
        "author": "Karma",
        "description": "SEOUL, South Korea, Jan 20, 2018 /PRNewswire/ -- Global decentralized p2p lending platform Karma announced yesterday the official open trading of the platform's native KRM token. The platform is supported by successful Danish fintech startup OpenLedger. The O…",
        "publishedAt": "2018-01-20T06:45:00Z",
        "source": Object {
          "id": null,
          "name": "Prnewswire.com",
        },
        "title": "Karma (KRM) Token Begins Trading With Blockchain Launch Following Successful $10 Million ICO Campaign",
        "url": "https://www.prnewswire.com/news-releases/karma-krm-token-begins-trading-with-blockchain-launch-following-successful-10-million-ico-campaign-300585591.html",
        "urlToImage": "https://mma.prnewswire.com/media/631268/5781d1238dd847455b0a8a716090.jpg?p=facebook",
      },
      Object {
        "author": "Scott Scanlon",
        "description": "After a significant dip in Bitcoin price last week and over the weekend, several cryptocurrencies are on the rise. Notably XRP, the coin for Ripple, saw a 50% rise in value one day, then a fall by around 6% the next. Ripple saw a 70+ percent recovery from the…",
        "publishedAt": "2018-01-20T06:03:26Z",
        "source": Object {
          "id": null,
          "name": "Youbrandinc.com",
        },
        "title": "Ripple price rise with Stellar: Battling the BTC USD drop tide",
        "url": "https://www.youbrandinc.com/crytocurrency/ripple-price-rise-with-stellar-battling-the-btc-usd-drop-tide/",
        "urlToImage": "https://www.youbrandinc.com/wp-content/uploads/2018/01/stellar.jpg",
      },
      Object {
        "author": null,
        "description": "The exchanges which are facing the action are the top ten such platforms in the country and include Zebpay, Unocoin, CoinSecure and BtcxIndia",
        "publishedAt": "2018-01-20T06:02:32Z",
        "source": Object {
          "id": null,
          "name": "Moneycontrol.com",
        },
        "title": "Top banks including SBI, Axis, ICICI suspend some a/cs of major Bitcoin exchanges in India: Report",
        "url": "http://www.moneycontrol.com/news/business/cryptocurrency/top-banks-including-sbi-axis-icici-suspend-some-acs-of-major-bitcoin-exchanges-in-india-report-2487505.html",
        "urlToImage": "https://static-news.moneycontrol.com/static-mcnews/2017/11/RTX182XT-770x433.jpg",
      },
      Object {
        "author": "Samuel Rae",
        "description": "Retailers in Bali are being forced to stop accepting bitcoin at their shops and restaurants. The actions of governments and regulatory authorities in Asia have been a hot topic in the cryptocurrency space over the last few weeks. The recent crash is widely se…",
        "publishedAt": "2018-01-20T06:00:43Z",
        "source": Object {
          "id": null,
          "name": "Bitcoinist.com",
        },
        "title": "The Indonesian Government Is Cracking Down Further On Bitcoin Use In Bali",
        "url": "http://bitcoinist.com/indonesian-government-cracking-bitcoin-use-bali/",
        "urlToImage": "http://bitcoinist.com/wp-content/uploads/2017/12/indonesia-bitcoin-ban-coming-in-2018.jpg",
      },
      Object {
        "author": null,
        "description": "A nationwide survey showed more than $3.5 billion worth of transactions have been conducted over a 17-month period, the income tax department said",
        "publishedAt": "2018-01-20T06:00:18Z",
        "source": Object {
          "id": null,
          "name": "Ndtv.com",
        },
        "title": "Income Tax Department Cracks Down On Cryptocurrency Traders, Again",
        "url": "https://www.ndtv.com/business/income-tax-i-t-department-cracks-down-on-cryptocurrency-traders-again-1802454",
        "urlToImage": "https://i.ndtvimg.com/i/2016-05/bitcoin-reuters_650x400_71462175048.jpg",
      },
      Object {
        "author": "Reuters",
        "description": "Tech-savvy young investors, real estate players and jewelers are among those invested in bitcoin and other virtual currencies The post Setback to Bitcoin? Govt sends tax notices to cryptocurrency investors; trading hits $3.5 bn appeared first on Firstpost.",
        "publishedAt": "2018-01-20T05:55:13Z",
        "source": Object {
          "id": null,
          "name": "Firstpost.com",
        },
        "title": "Setback to Bitcoin? Govt sends tax notices to cryptocurrency investors; trading hits $3.5 bn",
        "url": "http://www.firstpost.com/business/setback-to-bitcoin-govt-sends-tax-notices-to-cryptocurrency-investors-trading-hits-3-5-bn-4311371.html",
        "urlToImage": "http://images.firstpost.com/wp-content/uploads/2018/01/BITCOIN_1280_REUTERS.jpg",
      },
      Object {
        "author": "Reuters",
        "description": "Tech-savvy young investors, real estate players and jewelers are among those invested in bitcoin and other virtual currencies The post Setback to Bitcoin? Govt sends tax notices to cryptocurrency investors; trading hits $3.5 billion appeared first on Firstpos…",
        "publishedAt": "2018-01-20T05:55:13Z",
        "source": Object {
          "id": null,
          "name": "Firstpost.com",
        },
        "title": "Setback to Bitcoin? Govt sends tax notices to cryptocurrency investors; trading hits $3.5 billion",
        "url": "http://www.firstpost.com/business/setback-to-bitcoin-govt-sends-tax-notices-to-cryptocurrency-investors-trading-hits-3-5-billion-4311371.html",
        "urlToImage": "http://images.firstpost.com/wp-content/uploads/2018/01/BITCOIN_1280_REUTERS.jpg",
      },
      Object {
        "author": "By The Associated Press",
        "description": "___ US oil output is booming and seen outpacing Saudis, Russia PARIS (AP) — A global energy agency says that U.S. oil production is growing quickly and is forecast to top that of heavyweights Saudi Arabia and Russia this year. The International Energy Agency …",
        "publishedAt": "2018-01-20T05:33:49Z",
        "source": Object {
          "id": null,
          "name": "Seattlepi.com",
        },
        "title": "Business Highlights",
        "url": "http://www.seattlepi.com/business/article/Business-Highlights-12511277.php",
        "urlToImage": "http://www.seattlepi.com/img/pages/article/opengraph_default.png",
      },
      Object {
        "author": null,
        "description": "Here is a round up of all major developments in the personal finance space during the week.",
        "publishedAt": "2018-01-20T05:32:40Z",
        "source": Object {
          "id": null,
          "name": "Moneycontrol.com",
        },
        "title": "Your money this week: Tax changes seen in Budget; top MF, insurance bets in 2018",
        "url": "http://www.moneycontrol.com/news/business/personal-finance/your-money-this-week-tax-changes-seen-in-budget-top-mf-insurance-bets-in-2018-2487503.html",
        "urlToImage": "https://static-news.moneycontrol.com/static-mcnews/2017/08/Insurance_Personal_Finance_Savings_PF_Investment-1280x720-770x433.jpg",
      },
      Object {
        "author": "Chronicle Staff and News Services",
        "description": "If you missed it ...

                In a week when Forbes magazine should have come out with a spanking-new issue, this also happened:

                •Stephen Heasley and Andrew Borg sued Vistaprint after it went the extra mile in screwing up their weddin…",
        "publishedAt": "2018-01-20T05:12:20Z",
        "source": Object {
          "id": null,
          "name": "Sfgate.com",
        },
        "title": "ICYMI: Gay couple sues Vistaprint; a cashless Starbucks; Krispy Kreme vote",
        "url": "http://www.sfgate.com/business/article/ICYMI-Gay-couple-sues-Vistaprint-a-cashless-12511233.php",
        "urlToImage": "http://www.sfgate.com/img/pages/article/opengraph_default.png",
      },
      Object {
        "author": null,
        "description": "Andrew Landry fired seven birdies in a seven-under par 65 on Friday to seize a one-stroke lead over world number three Jon Rahm in the US PGA CareerBuilder Challenge in California.The global network of Agence France Presse covers 151 countriesIf you have",
        "publishedAt": "2018-01-20T05:10:00Z",
        "source": Object {
          "id": null,
          "name": "Afp.com",
        },
        "title": "Landry grabs US PGA Tour lead in La Quinta",
        "url": "https://www.afp.com/en/news/23/landry-grabs-us-pga-tour-lead-la-quinta-doc-x69ed1",
        "urlToImage": null,
      },
      Object {
        "author": "APP, Letter, Our Correspondent, Umer Farooq, Our Correspondent",
        "description": "Police say Bitcoin, LEOcoin trade has gained momentum in the city The post Police arrest gang of swindlers in Bahawalpur appeared first on The Express Tribune.",
        "publishedAt": "2018-01-20T05:07:07Z",
        "source": Object {
          "id": null,
          "name": "Tribune.com.pk",
        },
        "title": "Police arrest gang of swindlers in Bahawalpur",
        "url": "https://tribune.com.pk/story/1613187/police-arrest-gang-swindlers-bahawalpur/",
        "urlToImage": "https://c.tribune.com.pk/2018/01/1613187-image-1516388524-226-640x480.jpg",
      },
      Object {
        "author": "Scott Scanlon",
        "description": "Traders may be unloading shares to cover losses and prepare for taxes Bitcoin has shed much of its value since peaking in December. © AP TOKYO — This week’s plunge in cryptocurrency prices appears to have prompted sell-offs in some corners of Japan’s equity m…",
        "publishedAt": "2018-01-20T05:03:25Z",
        "source": Object {
          "id": null,
          "name": "Youbrandinc.com",
        },
        "title": "Cryptocurrency crash ripples through Tokyo stocks",
        "url": "https://www.youbrandinc.com/crytocurrency/cryptocurrency-crash-ripples-through-tokyo-stocks/",
        "urlToImage": "https://www.youbrandinc.com/wp-content/uploads/2018/01/0120N-Bitcoin-for-scramble_article_main_image.jpg",
      },
    ],
  },
}
`;

exports[`graphql middleware query BuyPrice 1`] = `
Object {
  "data": Object {
    "buyPrice": Object {
      "amount": 12652.94,
      "base": "BTC",
      "code": "BTC",
      "color": "#FFB119",
      "currency": "USD",
      "name": "Bitcoin",
    },
  },
}
`;

exports[`graphql middleware query Currencies 1`] = `
Object {
  "data": Object {
    "currencies": Array [
      Object {
        "id": "AED",
        "name": "United Arab Emirates Dirham",
      },
      Object {
        "id": "AFN",
        "name": "Afghan Afghani",
      },
      Object {
        "id": "ALL",
        "name": "Albanian Lek",
      },
      Object {
        "id": "AMD",
        "name": "Armenian Dram",
      },
      Object {
        "id": "ANG",
        "name": "Netherlands Antillean Gulden",
      },
      Object {
        "id": "AOA",
        "name": "Angolan Kwanza",
      },
      Object {
        "id": "ARS",
        "name": "Argentine Peso",
      },
      Object {
        "id": "AUD",
        "name": "Australian Dollar",
      },
      Object {
        "id": "AWG",
        "name": "Aruban Florin",
      },
      Object {
        "id": "AZN",
        "name": "Azerbaijani Manat",
      },
      Object {
        "id": "BAM",
        "name": "Bosnia and Herzegovina Convertible Mark",
      },
      Object {
        "id": "BBD",
        "name": "Barbadian Dollar",
      },
      Object {
        "id": "BDT",
        "name": "Bangladeshi Taka",
      },
      Object {
        "id": "BGN",
        "name": "Bulgarian Lev",
      },
      Object {
        "id": "BHD",
        "name": "Bahraini Dinar",
      },
      Object {
        "id": "BIF",
        "name": "Burundian Franc",
      },
      Object {
        "id": "BMD",
        "name": "Bermudian Dollar",
      },
      Object {
        "id": "BND",
        "name": "Brunei Dollar",
      },
      Object {
        "id": "BOB",
        "name": "Bolivian Boliviano",
      },
      Object {
        "id": "BRL",
        "name": "Brazilian Real",
      },
      Object {
        "id": "BSD",
        "name": "Bahamian Dollar",
      },
      Object {
        "id": "BTC",
        "name": "Bitcoin",
      },
      Object {
        "id": "BTN",
        "name": "Bhutanese Ngultrum",
      },
      Object {
        "id": "BWP",
        "name": "Botswana Pula",
      },
      Object {
        "id": "BYN",
        "name": "Belarusian Ruble",
      },
      Object {
        "id": "BYR",
        "name": "Belarusian Ruble",
      },
      Object {
        "id": "BZD",
        "name": "Belize Dollar",
      },
      Object {
        "id": "CAD",
        "name": "Canadian Dollar",
      },
      Object {
        "id": "CDF",
        "name": "Congolese Franc",
      },
      Object {
        "id": "CHF",
        "name": "Swiss Franc",
      },
      Object {
        "id": "CLF",
        "name": "Unidad de Fomento",
      },
      Object {
        "id": "CLP",
        "name": "Chilean Peso",
      },
      Object {
        "id": "CNH",
        "name": "Chinese Renminbi Yuan Offshore",
      },
      Object {
        "id": "CNY",
        "name": "Chinese Renminbi Yuan",
      },
      Object {
        "id": "COP",
        "name": "Colombian Peso",
      },
      Object {
        "id": "CRC",
        "name": "Costa Rican Colón",
      },
      Object {
        "id": "CUC",
        "name": "Cuban Convertible Peso",
      },
      Object {
        "id": "CVE",
        "name": "Cape Verdean Escudo",
      },
      Object {
        "id": "CZK",
        "name": "Czech Koruna",
      },
      Object {
        "id": "DJF",
        "name": "Djiboutian Franc",
      },
      Object {
        "id": "DKK",
        "name": "Danish Krone",
      },
      Object {
        "id": "DOP",
        "name": "Dominican Peso",
      },
      Object {
        "id": "DZD",
        "name": "Algerian Dinar",
      },
      Object {
        "id": "EEK",
        "name": "Estonian Kroon",
      },
      Object {
        "id": "EGP",
        "name": "Egyptian Pound",
      },
      Object {
        "id": "ERN",
        "name": "Eritrean Nakfa",
      },
      Object {
        "id": "ETB",
        "name": "Ethiopian Birr",
      },
      Object {
        "id": "EUR",
        "name": "Euro",
      },
      Object {
        "id": "FJD",
        "name": "Fijian Dollar",
      },
      Object {
        "id": "FKP",
        "name": "Falkland Pound",
      },
      Object {
        "id": "GBP",
        "name": "British Pound",
      },
      Object {
        "id": "GEL",
        "name": "Georgian Lari",
      },
      Object {
        "id": "GGP",
        "name": "Guernsey Pound",
      },
      Object {
        "id": "GHS",
        "name": "Ghanaian Cedi",
      },
      Object {
        "id": "GIP",
        "name": "Gibraltar Pound",
      },
      Object {
        "id": "GMD",
        "name": "Gambian Dalasi",
      },
      Object {
        "id": "GNF",
        "name": "Guinean Franc",
      },
      Object {
        "id": "GTQ",
        "name": "Guatemalan Quetzal",
      },
      Object {
        "id": "GYD",
        "name": "Guyanese Dollar",
      },
      Object {
        "id": "HKD",
        "name": "Hong Kong Dollar",
      },
      Object {
        "id": "HNL",
        "name": "Honduran Lempira",
      },
      Object {
        "id": "HRK",
        "name": "Croatian Kuna",
      },
      Object {
        "id": "HTG",
        "name": "Haitian Gourde",
      },
      Object {
        "id": "HUF",
        "name": "Hungarian Forint",
      },
      Object {
        "id": "IDR",
        "name": "Indonesian Rupiah",
      },
      Object {
        "id": "ILS",
        "name": "Israeli New Sheqel",
      },
      Object {
        "id": "IMP",
        "name": "Isle of Man Pound",
      },
      Object {
        "id": "INR",
        "name": "Indian Rupee",
      },
      Object {
        "id": "IQD",
        "name": "Iraqi Dinar",
      },
      Object {
        "id": "ISK",
        "name": "Icelandic Króna",
      },
      Object {
        "id": "JEP",
        "name": "Jersey Pound",
      },
      Object {
        "id": "JMD",
        "name": "Jamaican Dollar",
      },
      Object {
        "id": "JOD",
        "name": "Jordanian Dinar",
      },
      Object {
        "id": "JPY",
        "name": "Japanese Yen",
      },
      Object {
        "id": "KES",
        "name": "Kenyan Shilling",
      },
      Object {
        "id": "KGS",
        "name": "Kyrgyzstani Som",
      },
      Object {
        "id": "KHR",
        "name": "Cambodian Riel",
      },
      Object {
        "id": "KMF",
        "name": "Comorian Franc",
      },
      Object {
        "id": "KRW",
        "name": "South Korean Won",
      },
      Object {
        "id": "KWD",
        "name": "Kuwaiti Dinar",
      },
      Object {
        "id": "KYD",
        "name": "Cayman Islands Dollar",
      },
      Object {
        "id": "KZT",
        "name": "Kazakhstani Tenge",
      },
      Object {
        "id": "LAK",
        "name": "Lao Kip",
      },
      Object {
        "id": "LBP",
        "name": "Lebanese Pound",
      },
      Object {
        "id": "LKR",
        "name": "Sri Lankan Rupee",
      },
      Object {
        "id": "LRD",
        "name": "Liberian Dollar",
      },
      Object {
        "id": "LSL",
        "name": "Lesotho Loti",
      },
      Object {
        "id": "LTL",
        "name": "Lithuanian Litas",
      },
      Object {
        "id": "LVL",
        "name": "Latvian Lats",
      },
      Object {
        "id": "LYD",
        "name": "Libyan Dinar",
      },
      Object {
        "id": "MAD",
        "name": "Moroccan Dirham",
      },
      Object {
        "id": "MDL",
        "name": "Moldovan Leu",
      },
      Object {
        "id": "MGA",
        "name": "Malagasy Ariary",
      },
      Object {
        "id": "MKD",
        "name": "Macedonian Denar",
      },
      Object {
        "id": "MMK",
        "name": "Myanmar Kyat",
      },
      Object {
        "id": "MNT",
        "name": "Mongolian Tögrög",
      },
      Object {
        "id": "MOP",
        "name": "Macanese Pataca",
      },
      Object {
        "id": "MRO",
        "name": "Mauritanian Ouguiya",
      },
      Object {
        "id": "MTL",
        "name": "Maltese Lira",
      },
      Object {
        "id": "MUR",
        "name": "Mauritian Rupee",
      },
      Object {
        "id": "MVR",
        "name": "Maldivian Rufiyaa",
      },
      Object {
        "id": "MWK",
        "name": "Malawian Kwacha",
      },
      Object {
        "id": "MXN",
        "name": "Mexican Peso",
      },
      Object {
        "id": "MYR",
        "name": "Malaysian Ringgit",
      },
      Object {
        "id": "MZN",
        "name": "Mozambican Metical",
      },
      Object {
        "id": "NAD",
        "name": "Namibian Dollar",
      },
      Object {
        "id": "NGN",
        "name": "Nigerian Naira",
      },
      Object {
        "id": "NIO",
        "name": "Nicaraguan Córdoba",
      },
      Object {
        "id": "NOK",
        "name": "Norwegian Krone",
      },
      Object {
        "id": "NPR",
        "name": "Nepalese Rupee",
      },
      Object {
        "id": "NZD",
        "name": "New Zealand Dollar",
      },
      Object {
        "id": "OMR",
        "name": "Omani Rial",
      },
      Object {
        "id": "PAB",
        "name": "Panamanian Balboa",
      },
      Object {
        "id": "PEN",
        "name": "Peruvian Sol",
      },
      Object {
        "id": "PGK",
        "name": "Papua New Guinean Kina",
      },
      Object {
        "id": "PHP",
        "name": "Philippine Peso",
      },
      Object {
        "id": "PKR",
        "name": "Pakistani Rupee",
      },
      Object {
        "id": "PLN",
        "name": "Polish Złoty",
      },
      Object {
        "id": "PYG",
        "name": "Paraguayan Guaraní",
      },
      Object {
        "id": "QAR",
        "name": "Qatari Riyal",
      },
      Object {
        "id": "RON",
        "name": "Romanian Leu",
      },
      Object {
        "id": "RSD",
        "name": "Serbian Dinar",
      },
      Object {
        "id": "RUB",
        "name": "Russian Ruble",
      },
      Object {
        "id": "RWF",
        "name": "Rwandan Franc",
      },
      Object {
        "id": "SAR",
        "name": "Saudi Riyal",
      },
      Object {
        "id": "SBD",
        "name": "Solomon Islands Dollar",
      },
      Object {
        "id": "SCR",
        "name": "Seychellois Rupee",
      },
      Object {
        "id": "SEK",
        "name": "Swedish Krona",
      },
      Object {
        "id": "SGD",
        "name": "Singapore Dollar",
      },
      Object {
        "id": "SHP",
        "name": "Saint Helenian Pound",
      },
      Object {
        "id": "SLL",
        "name": "Sierra Leonean Leone",
      },
      Object {
        "id": "SOS",
        "name": "Somali Shilling",
      },
      Object {
        "id": "SRD",
        "name": "Surinamese Dollar",
      },
      Object {
        "id": "SSP",
        "name": "South Sudanese Pound",
      },
      Object {
        "id": "STD",
        "name": "São Tomé and Príncipe Dobra",
      },
      Object {
        "id": "SVC",
        "name": "Salvadoran Colón",
      },
      Object {
        "id": "SZL",
        "name": "Swazi Lilangeni",
      },
      Object {
        "id": "THB",
        "name": "Thai Baht",
      },
      Object {
        "id": "TJS",
        "name": "Tajikistani Somoni",
      },
      Object {
        "id": "TMT",
        "name": "Turkmenistani Manat",
      },
      Object {
        "id": "TND",
        "name": "Tunisian Dinar",
      },
      Object {
        "id": "TOP",
        "name": "Tongan Paʻanga",
      },
      Object {
        "id": "TRY",
        "name": "Turkish Lira",
      },
      Object {
        "id": "TTD",
        "name": "Trinidad and Tobago Dollar",
      },
      Object {
        "id": "TWD",
        "name": "New Taiwan Dollar",
      },
      Object {
        "id": "TZS",
        "name": "Tanzanian Shilling",
      },
      Object {
        "id": "UAH",
        "name": "Ukrainian Hryvnia",
      },
      Object {
        "id": "UGX",
        "name": "Ugandan Shilling",
      },
      Object {
        "id": "USD",
        "name": "United States Dollar",
      },
      Object {
        "id": "UYU",
        "name": "Uruguayan Peso",
      },
      Object {
        "id": "UZS",
        "name": "Uzbekistan Som",
      },
      Object {
        "id": "VEF",
        "name": "Venezuelan Bolívar",
      },
      Object {
        "id": "VND",
        "name": "Vietnamese Đồng",
      },
      Object {
        "id": "VUV",
        "name": "Vanuatu Vatu",
      },
      Object {
        "id": "WST",
        "name": "Samoan Tala",
      },
      Object {
        "id": "XAF",
        "name": "Central African Cfa Franc",
      },
      Object {
        "id": "XAG",
        "name": "Silver (Troy Ounce)",
      },
      Object {
        "id": "XAU",
        "name": "Gold (Troy Ounce)",
      },
      Object {
        "id": "XCD",
        "name": "East Caribbean Dollar",
      },
      Object {
        "id": "XDR",
        "name": "Special Drawing Rights",
      },
      Object {
        "id": "XOF",
        "name": "West African Cfa Franc",
      },
      Object {
        "id": "XPD",
        "name": "Palladium",
      },
      Object {
        "id": "XPF",
        "name": "Cfp Franc",
      },
      Object {
        "id": "XPT",
        "name": "Platinum",
      },
      Object {
        "id": "YER",
        "name": "Yemeni Rial",
      },
      Object {
        "id": "ZAR",
        "name": "South African Rand",
      },
      Object {
        "id": "ZMK",
        "name": "Zambian Kwacha",
      },
      Object {
        "id": "ZMW",
        "name": "Zambian Kwacha",
      },
      Object {
        "id": "ZWL",
        "name": "Zimbabwean Dollar",
      },
    ],
  },
}
`;

exports[`graphql middleware query ExchangeRates 1`] = `
Object {
  "data": Object {
    "exchangeRates": Object {
      "currency": "USD",
      "rates": Array [
        Object {
          "currency": "AED",
          "value": 3.67,
        },
        Object {
          "currency": "AFN",
          "value": 69.5,
        },
        Object {
          "currency": "ALL",
          "value": 109.59,
        },
        Object {
          "currency": "AMD",
          "value": 483.3,
        },
        Object {
          "currency": "ANG",
          "value": 1.79,
        },
        Object {
          "currency": "AOA",
          "value": 181.34,
        },
        Object {
          "currency": "ARS",
          "value": 18.98,
        },
        Object {
          "currency": "AUD",
          "value": 1.25,
        },
        Object {
          "currency": "AWG",
          "value": 1.79,
        },
        Object {
          "currency": "AZN",
          "value": 1.69,
        },
        Object {
          "currency": "BAM",
          "value": 1.6,
        },
        Object {
          "currency": "BBD",
          "value": 2,
        },
        Object {
          "currency": "BCH",
          "value": 0.00052966,
        },
        Object {
          "currency": "BDT",
          "value": 83.22,
        },
        Object {
          "currency": "BGN",
          "value": 1.6,
        },
        Object {
          "currency": "BHD",
          "value": 0.377,
        },
        Object {
          "currency": "BIF",
          "value": 1768,
        },
        Object {
          "currency": "BMD",
          "value": 1,
        },
        Object {
          "currency": "BND",
          "value": 1.32,
        },
        Object {
          "currency": "BOB",
          "value": 6.96,
        },
        Object {
          "currency": "BRL",
          "value": 3.2,
        },
        Object {
          "currency": "BSD",
          "value": 1,
        },
        Object {
          "currency": "BTC",
          "value": 0.00008,
        },
        Object {
          "currency": "BTN",
          "value": 64.11,
        },
        Object {
          "currency": "BWP",
          "value": 9.75,
        },
        Object {
          "currency": "BYN",
          "value": 1.98,
        },
        Object {
          "currency": "BYR",
          "value": 19839,
        },
        Object {
          "currency": "BZD",
          "value": 2.02,
        },
        Object {
          "currency": "CAD",
          "value": 1.25,
        },
        Object {
          "currency": "CDF",
          "value": 1595,
        },
        Object {
          "currency": "CHF",
          "value": 0.96,
        },
        Object {
          "currency": "CLF",
          "value": 0.0228,
        },
        Object {
          "currency": "CLP",
          "value": 608,
        },
        Object {
          "currency": "CNH",
          "value": 6.4,
        },
        Object {
          "currency": "CNY",
          "value": 6.41,
        },
        Object {
          "currency": "COP",
          "value": 2854.8,
        },
        Object {
          "currency": "CRC",
          "value": 569.08,
        },
        Object {
          "currency": "CUC",
          "value": 1,
        },
        Object {
          "currency": "CVE",
          "value": 90.45,
        },
        Object {
          "currency": "CZK",
          "value": 20.78,
        },
        Object {
          "currency": "DJF",
          "value": 179,
        },
        Object {
          "currency": "DKK",
          "value": 6.09,
        },
        Object {
          "currency": "DOP",
          "value": 48.77,
        },
        Object {
          "currency": "DZD",
          "value": 114.23,
        },
        Object {
          "currency": "EEK",
          "value": 14.61,
        },
        Object {
          "currency": "EGP",
          "value": 17.72,
        },
        Object {
          "currency": "ERN",
          "value": 15.25,
        },
        Object {
          "currency": "ETB",
          "value": 27.33,
        },
        Object {
          "currency": "ETH",
          "value": 0.00089848,
        },
        Object {
          "currency": "EUR",
          "value": 0.82,
        },
        Object {
          "currency": "FJD",
          "value": 2.01,
        },
        Object {
          "currency": "FKP",
          "value": 0.72,
        },
        Object {
          "currency": "GBP",
          "value": 0.72,
        },
        Object {
          "currency": "GEL",
          "value": 2.56,
        },
        Object {
          "currency": "GGP",
          "value": 0.72,
        },
        Object {
          "currency": "GHS",
          "value": 4.55,
        },
        Object {
          "currency": "GIP",
          "value": 0.72,
        },
        Object {
          "currency": "GMD",
          "value": 47.85,
        },
        Object {
          "currency": "GNF",
          "value": 9000,
        },
        Object {
          "currency": "GTQ",
          "value": 7.38,
        },
        Object {
          "currency": "GYD",
          "value": 208.14,
        },
        Object {
          "currency": "HKD",
          "value": 7.82,
        },
        Object {
          "currency": "HNL",
          "value": 23.6,
        },
        Object {
          "currency": "HRK",
          "value": 6.08,
        },
        Object {
          "currency": "HTG",
          "value": 64.38,
        },
        Object {
          "currency": "HUF",
          "value": 253,
        },
        Object {
          "currency": "IDR",
          "value": 13364.96,
        },
        Object {
          "currency": "ILS",
          "value": 3.42,
        },
        Object {
          "currency": "IMP",
          "value": 0.72,
        },
        Object {
          "currency": "INR",
          "value": 63.84,
        },
        Object {
          "currency": "IQD",
          "value": 1197.421,
        },
        Object {
          "currency": "ISK",
          "value": 103,
        },
        Object {
          "currency": "JEP",
          "value": 0.72,
        },
        Object {
          "currency": "JMD",
          "value": 124.34,
        },
        Object {
          "currency": "JOD",
          "value": 0.71,
        },
        Object {
          "currency": "JPY",
          "value": 111,
        },
        Object {
          "currency": "KES",
          "value": 102.76,
        },
        Object {
          "currency": "KGS",
          "value": 69.26,
        },
        Object {
          "currency": "KHR",
          "value": 4040.2,
        },
        Object {
          "currency": "KMF",
          "value": 402,
        },
        Object {
          "currency": "KRW",
          "value": 1070,
        },
        Object {
          "currency": "KWD",
          "value": 0.3,
        },
        Object {
          "currency": "KYD",
          "value": 0.84,
        },
        Object {
          "currency": "KZT",
          "value": 326.17,
        },
        Object {
          "currency": "LAK",
          "value": 8349.05,
        },
        Object {
          "currency": "LBP",
          "value": 1522.15,
        },
        Object {
          "currency": "LKR",
          "value": 154.57,
        },
        Object {
          "currency": "LRD",
          "value": 127.9,
        },
        Object {
          "currency": "LSL",
          "value": 12.24,
        },
        Object {
          "currency": "LTC",
          "value": 0.00491654,
        },
        Object {
          "currency": "LTL",
          "value": 3.22,
        },
        Object {
          "currency": "LVL",
          "value": 0.66,
        },
        Object {
          "currency": "LYD",
          "value": 1.349,
        },
        Object {
          "currency": "MAD",
          "value": 9.25,
        },
        Object {
          "currency": "MDL",
          "value": 16.94,
        },
        Object {
          "currency": "MGA",
          "value": 3244.3,
        },
        Object {
          "currency": "MKD",
          "value": 50.44,
        },
        Object {
          "currency": "MMK",
          "value": 1353.9,
        },
        Object {
          "currency": "MNT",
          "value": 2420.83,
        },
        Object {
          "currency": "MOP",
          "value": 8.09,
        },
        Object {
          "currency": "MRO",
          "value": 355.3,
        },
        Object {
          "currency": "MTL",
          "value": 0.68,
        },
        Object {
          "currency": "MUR",
          "value": 32.92,
        },
        Object {
          "currency": "MVR",
          "value": 15.4,
        },
        Object {
          "currency": "MWK",
          "value": 726.24,
        },
        Object {
          "currency": "MXN",
          "value": 18.64,
        },
        Object {
          "currency": "MYR",
          "value": 3.94,
        },
        Object {
          "currency": "MZN",
          "value": 59,
        },
        Object {
          "currency": "NAD",
          "value": 12.24,
        },
        Object {
          "currency": "NGN",
          "value": 360,
        },
        Object {
          "currency": "NIO",
          "value": 31.1,
        },
        Object {
          "currency": "NOK",
          "value": 7.87,
        },
        Object {
          "currency": "NPR",
          "value": 102.57,
        },
        Object {
          "currency": "NZD",
          "value": 1.37,
        },
        Object {
          "currency": "OMR",
          "value": 0.385,
        },
        Object {
          "currency": "PAB",
          "value": 1,
        },
        Object {
          "currency": "PEN",
          "value": 3.22,
        },
        Object {
          "currency": "PGK",
          "value": 3.21,
        },
        Object {
          "currency": "PHP",
          "value": 50.7,
        },
        Object {
          "currency": "PKR",
          "value": 110.55,
        },
        Object {
          "currency": "PLN",
          "value": 3.41,
        },
        Object {
          "currency": "PYG",
          "value": 5650,
        },
        Object {
          "currency": "QAR",
          "value": 3.64,
        },
        Object {
          "currency": "RON",
          "value": 3.81,
        },
        Object {
          "currency": "RSD",
          "value": 96.88,
        },
        Object {
          "currency": "RUB",
          "value": 56.74,
        },
        Object {
          "currency": "RWF",
          "value": 846,
        },
        Object {
          "currency": "SAR",
          "value": 3.75,
        },
        Object {
          "currency": "SBD",
          "value": 7.76,
        },
        Object {
          "currency": "SCR",
          "value": 13.74,
        },
        Object {
          "currency": "SEK",
          "value": 8.04,
        },
        Object {
          "currency": "SGD",
          "value": 1.32,
        },
        Object {
          "currency": "SHP",
          "value": 0.72,
        },
        Object {
          "currency": "SLL",
          "value": 7663.97,
        },
        Object {
          "currency": "SOS",
          "value": 581.26,
        },
        Object {
          "currency": "SRD",
          "value": 7.46,
        },
        Object {
          "currency": "SSP",
          "value": 130.26,
        },
        Object {
          "currency": "STD",
          "value": 20209.64,
        },
        Object {
          "currency": "SVC",
          "value": 8.79,
        },
        Object {
          "currency": "SZL",
          "value": 12.23,
        },
        Object {
          "currency": "THB",
          "value": 31.84,
        },
        Object {
          "currency": "TJS",
          "value": 8.86,
        },
        Object {
          "currency": "TMT",
          "value": 3.51,
        },
        Object {
          "currency": "TND",
          "value": 2.44,
        },
        Object {
          "currency": "TOP",
          "value": 2.24,
        },
        Object {
          "currency": "TRY",
          "value": 3.81,
        },
        Object {
          "currency": "TTD",
          "value": 6.76,
        },
        Object {
          "currency": "TWD",
          "value": 29.36,
        },
        Object {
          "currency": "TZS",
          "value": 2248.2,
        },
        Object {
          "currency": "UAH",
          "value": 28.81,
        },
        Object {
          "currency": "UGX",
          "value": 3639,
        },
        Object {
          "currency": "USD",
          "value": 1,
        },
        Object {
          "currency": "UYU",
          "value": 28.56,
        },
        Object {
          "currency": "UZS",
          "value": 8179.2,
        },
        Object {
          "currency": "VEF",
          "value": 10.24,
        },
        Object {
          "currency": "VND",
          "value": 22702,
        },
        Object {
          "currency": "VUV",
          "value": 105,
        },
        Object {
          "currency": "WST",
          "value": 2.51,
        },
        Object {
          "currency": "XAF",
          "value": 537,
        },
        Object {
          "currency": "XAG",
          "value": 0,
        },
        Object {
          "currency": "XAU",
          "value": 0,
        },
        Object {
          "currency": "XCD",
          "value": 2.7,
        },
        Object {
          "currency": "XDR",
          "value": 1,
        },
        Object {
          "currency": "XOF",
          "value": 537,
        },
        Object {
          "currency": "XPD",
          "value": 0,
        },
        Object {
          "currency": "XPF",
          "value": 98,
        },
        Object {
          "currency": "XPT",
          "value": 0,
        },
        Object {
          "currency": "YER",
          "value": 250.3,
        },
        Object {
          "currency": "ZAR",
          "value": 12.2,
        },
        Object {
          "currency": "ZMK",
          "value": 5253.08,
        },
        Object {
          "currency": "ZMW",
          "value": 9.81,
        },
        Object {
          "currency": "ZWL",
          "value": 322.36,
        },
      ],
    },
  },
}
`;

exports[`graphql middleware query Name 1`] = `
Object {
  "data": Object {
    "name": "blue-sky-action",
  },
}
`;

exports[`graphql middleware query SpotPrices 1`] = `
Object {
  "data": Object {
    "spotPrices": Array [
      Object {
        "amount": 12528.76,
        "base": "BTC",
        "code": "BTC",
        "color": "#FFB119",
        "currency": "USD",
        "name": "Bitcoin",
      },
      Object {
        "amount": 1886.06,
        "base": "BCH",
        "code": "BCH",
        "color": "#8DC451",
        "currency": "USD",
        "name": "Bitcoin Cash",
      },
      Object {
        "amount": 1112.94,
        "base": "ETH",
        "code": "ETH",
        "color": "#6F7CBA",
        "currency": "USD",
        "name": "Ethereum",
      },
      Object {
        "amount": 203.93,
        "base": "LTC",
        "code": "LTC",
        "color": "#B5B5B5",
        "currency": "USD",
        "name": "Litecoin",
      },
    ],
  },
}
`;

exports[`graphql middleware query TopHeadlines 1`] = `
Object {
  "data": Object {
    "topHeadlines": Array [
      Object {
        "author": "Analysis by Stephen Collinson, CNN",
        "description": "Even by Washington's standards, the sequence of busted negotiations, partisan dysfunction, and blame games that shut down the federal government was baffling.",
        "publishedAt": "2018-01-20T07:04:01Z",
        "source": Object {
          "id": "cnn",
          "name": "CNN",
        },
        "title": "Shutdown drama shows Washington's failure",
        "url": "http://us.cnn.com/2018/01/20/politics/government-shutdown-schumer-trump-mcconnell/index.html",
        "urlToImage": "http://cdn.cnn.com/cnnnext/dam/assets/171002152135-mcconnell-schumer-composite-mobapp-super-tease.jpg",
      },
      Object {
        "author": null,
        "description": "Sen. Chuck Schumer (D-NY) speaks after the Senate fails to pass a deal to fund the government.",
        "publishedAt": "2018-01-20T06:37:35.4922766Z",
        "source": Object {
          "id": "cnn",
          "name": "CNN",
        },
        "title": "Sen. Schumer's message to the President - CNN Video",
        "url": "http://us.cnn.com/videos/politics/2018/01/20/chuck-schumer-senate-government-shutdown-sot.cnn",
        "urlToImage": "http://cdn.cnn.com/cnnnext/dam/assets/180120002354-01-schumer-speaks-shutdown-0120-screengrab-super-tease.jpg",
      },
      Object {
        "author": "Dana Bash, Kevin Liptak, Dan Merica and Jeff Zeleny, CNN",
        "description": "After his morning television shows had ended and as the deadline to fund the government loomed, President Donald Trump placed a call to the man in Washington he believed held all the cards: Sen. Chuck Schumer.",
        "publishedAt": "2018-01-20T06:20:38Z",
        "source": Object {
          "id": "cnn",
          "name": "CNN",
        },
        "title": "Trump and Schumer came close to a deal. Then it fell apart",
        "url": "http://us.cnn.com/2018/01/20/politics/shutdown-tick-tock/index.html",
        "urlToImage": "http://cdn.cnn.com/cnnnext/dam/assets/161117090915-02-donald-trump-chuck-schumer-split-super-tease.jpg",
      },
      Object {
        "author": null,
        "description": "When there are partisan disagreements and Congress is divided on how to fund the government, the threat of a shutdown looms. Learn what one could mean for you.",
        "publishedAt": "2018-01-20T06:15:04.3160206Z",
        "source": Object {
          "id": "cnn",
          "name": "CNN",
        },
        "title": "What a government shutdown means for you - CNN Video",
        "url": "http://us.cnn.com/videos/politics/2017/12/12/government-shutdown-ets-orig-vstan.cnn",
        "urlToImage": "http://cdn.cnn.com/cnnnext/dam/assets/170918171842-04-us-capitol-building-super-tease.jpg",
      },
      Object {
        "author": "Daniella Diaz and Kevin Liptak, CNN",
        "description": "In the final moments leading up to Friday's midnight deadline, Senate Republicans and Democrats were unable to agree on a stopgap funding measure.",
        "publishedAt": "2018-01-20T05:51:54Z",
        "source": Object {
          "id": "cnn",
          "name": "CNN",
        },
        "title": "The government just shut down. What next?",
        "url": "http://us.cnn.com/2018/01/20/politics/what-next-government-shutdown/index.html",
        "urlToImage": "http://cdn.cnn.com/cnnnext/dam/assets/180118172447-capitol-hill-0117-super-tease.jpg",
      },
      Object {
        "author": null,
        "description": "President Donald Trump says Democrats are to blame if there is a government shutdown, in 2013 he sounded very different.",
        "publishedAt": "2018-01-20T05:38:22.27061Z",
        "source": Object {
          "id": "cnn",
          "name": "CNN",
        },
        "title": "Then and now: Trump on government shutdowns - CNN Video",
        "url": "http://us.cnn.com/videos/politics/2018/01/19/donald-trump-government-shutdown-then-and-now-orig-cs.cnn",
        "urlToImage": "http://cdn.cnn.com/cnnnext/dam/assets/180112131332-01-donald-trump-0111-super-tease.jpg",
      },
      Object {
        "author": "Sophie Tatum",
        "description": "Legislation to prevent the government from shutting down failed Friday night in the Senate ahead of the midnight deadline. The total was 50-49, but 60 votes were needed for passage.",
        "publishedAt": "2018-01-20T05:35:49Z",
        "source": Object {
          "id": "cnn",
          "name": "CNN",
        },
        "title": "How senators voted on the government shutdown",
        "url": "http://us.cnn.com/2018/01/20/politics/senate-vote-government-shutdown/index.html",
        "urlToImage": "http://cdn.cnn.com/cnnnext/dam/assets/180119221836-02-senate-floor-0119-vote-screengrab-super-tease.jpg",
      },
      Object {
        "author": "Jen Christensen, CNN",
        "description": "A government shutdown could potentially hurt the health of more than government workers. The shutdown could impact you, too.",
        "publishedAt": "2018-01-20T01:22:32Z",
        "source": Object {
          "id": "cnn",
          "name": "CNN",
        },
        "title": "5 ways the government shutdown could be bad for your health",
        "url": "http://us.cnn.com/2018/01/19/health/5-ways-the-government-shutdown-could-be-bad-for-your-health/index.html",
        "urlToImage": "http://cdn.cnn.com/cnnnext/dam/assets/131015213528-capitol-night-reflected-gi-super-tease.jpg",
      },
      Object {
        "author": "Lauren Fox, Phil Mattingly, Tal Kopan and Ted Barrett, CNN",
        "description": "Senate Minority Leader Chuck Schumer and President Donald Trump met at the White House Friday afternoon, just hours ahead of the deadline for a government shutdown, but congressional leaders still faced a daunting math problem to keep the government open.",
        "publishedAt": "2018-01-19T22:04:35Z",
        "source": Object {
          "id": "cnn",
          "name": "CNN",
        },
        "title": "No path to avert shutdown ahead of deadline",
        "url": "http://us.cnn.com/2018/01/19/politics/government-shutdown-trump-congress-latest/index.html",
        "urlToImage": "http://cdn.cnn.com/cnnnext/dam/assets/180109090304-01-trump-schumer-mcconnell-file-super-tease.jpg",
      },
      Object {
        "author": "Chris Isidore",
        "description": "The shutdown of 2013 cost the economy an estimated $20 billion and led to layoffs of hundreds of thousands of workers. As another shutdown looms, a look back on the impact of the last one.",
        "publishedAt": "2018-01-19T02:29:44Z",
        "source": Object {
          "id": "cnn",
          "name": "CNN",
        },
        "title": "Here's what the last government shutdown looked like",
        "url": "http://money.cnn.com/2018/01/19/news/economy/government-shutdown-cost/index.html",
        "urlToImage": "http://i2.cdn.turner.com/money/dam/assets/180119110204-government-shutdown-780x439.jpg",
      },
    ],
  },
}
`;
