// Jest Snapshot v1, https://goo.gl/fbAQLP

exports[`<Navbar /> to match snapshot 1`] = `
<nav
  className="navbar navbar-expand-lg navbar-light border border-top-0 border-right-0 border-left-0"
>
  <a
    className="navbar-brand"
    href="/"
  >
    [\`/\`]
  </a>
  <button
    aria-controls="navbar"
    aria-expanded="false"
    aria-label="Toggle navigation"
    className="navbar-toggler"
    data-target="#navbar"
    data-toggle="collapse"
    type="button"
  >
    <span
      className="navbar-toggler-icon"
    />
  </button>
  <div
    className="collapse navbar-collapse"
    id="navbar"
  >
    <ul
      className="navbar-nav mr-auto"
    >
      <li
        className="nav-item"
      >
        <a
          aria-current="true"
          className="nav-link text-light active"
          href="/"
          onClick={[Function]}
          style={Object {}}
        >
          Home
        </a>
      </li>
      <li
        className="nav-item"
      >
        <a
          aria-current={false}
          className="nav-link text-light"
          href="/kanyini"
          onClick={[Function]}
          style={undefined}
        >
          Kanyini
        </a>
      </li>
      <li
        className="nav-item"
      >
        <a
          aria-current={false}
          className="nav-link text-light"
          href="/blog"
          onClick={[Function]}
          style={undefined}
        >
          Blog
        </a>
      </li>
      <li
        className="nav-item"
      >
        <a
          aria-current={false}
          className="nav-link text-light"
          href="/entertainment/mashable"
          onClick={[Function]}
          style={undefined}
        >
          Entertainment 
          <span
            className="badge badge-secondary"
          >
            2
          </span>
        </a>
      </li>
      <li
        className="nav-item"
      >
        <a
          aria-current={false}
          className="nav-link text-light"
          href="/technology/techcrunch"
          onClick={[Function]}
          style={undefined}
        >
          Technology 
          <span
            className="badge badge-secondary"
          >
            1
          </span>
        </a>
      </li>
    </ul>
  </div>
</nav>
`;
